-0.00207615 2.35842e-17 6.9074e-18 -0.00209639 -3.5007e-16 -3.84979e-16
0.0126638 4.55976e-18 6.88942e-17 0.0126509 2.35916e-16 -5.22683e-16
-0.00890841 1.93819e-16 -2.39584e-16 -0.00893723 1.39348e-15 -7.19925e-16
-0.0130042 6.61164e-16 -5.64082e-16 -0.0128912 -3.41339e-16 3.1238e-16
-0.00365149 9.25514e-16 -3.80348e-16 -0.00362144 1.59405e-15 1.10652e-15
0.00134821 -7.10413e-16 2.31422e-16 0.00133635 -1.05186e-15 -6.92758e-16
0.00139697 -6.0846e-16 8.1422e-16 0.00141039 -7.45016e-16 -8.64559e-17
0.00287938 -1.1739e-15 9.26392e-16 0.00289 -1.05915e-15 -2.66168e-16
0.00469925 -1.6591e-15 1.7947e-15 0.00473808 -1.78786e-15 1.72538e-15
-0.0081214 1.96386e-15 -3.94833e-15 -0.00816031 1.97281e-15 -4.30638e-15
0.000268798 1.63899e-16 -5.07681e-17 0.000267182 2.14409e-17 -1.95686e-15
-0.0145861 3.42912e-16 -7.40288e-15 -0.0145504 -1.40371e-18 -7.01709e-15
-0.0071825 1.69411e-15 -3.15105e-15 -0.00726408 1.70419e-15 -3.64341e-15
0.00853257 -3.76544e-15 3.65129e-15 0.00846314 -5.63202e-15 3.66247e-15
-0.00250586 3.22177e-16 -1.32762e-15 -0.00250405 -9.1587e-16 -1.72755e-15
-0.00434242 2.66739e-15 -1.21795e-15 -0.00431586 4.2375e-15 -2.89091e-16
-0.0014972 6.44553e-17 -1.29368e-15 -0.00148554 -1.43002e-15 -4.7562e-15
-0.00881166 2.73097e-15 4.35693e-18 -0.00883191 1.9262e-16 -2.82288e-15
0.0127857 -6.41346e-15 -3.43396e-15 0.0127702 -1.01001e-14 -6.39867e-15
-0.00524717 2.3996e-15 2.58854e-15 -0.00522243 4.64242e-15 4.35891e-15
-0.00841594 1.53394e-15 3.71425e-15 -0.00846197 3.70887e-15 3.86633e-15
-0.00527272 2.19453e-15 3.18878e-15 -0.00522395 9.12946e-15 4.96267e-15
0.00253065 2.97393e-16 -1.44827e-15 0.00254444 1.78837e-16 -7.5196e-16
0.000819958 -1.04776e-15 -1.06079e-15 0.000823287 -4.3201e-15 -1.65759e-15
0.00632307 3.34661e-15 -3.4368e-15 0.0062764 5.56572e-15 -1.95959e-15
0.00495275 3.19489e-15 -2.68398e-15 0.00498141 7.69153e-15 -3.08776e-15
-0.0098289 -2.85115e-15 5.56003e-15 -0.00977697 -3.47879e-16 6.59733e-15
-0.0130102 -5.20799e-15 6.61369e-15 -0.0128997 -3.67498e-15 8.18004e-15
0.000787027 1.51671e-15 -3.15563e-17 0.000779465 5.5064e-15 5.04069e-16
-0.00963403 -3.96652e-15 1.24576e-18 -0.00956172 -2.00238e-15 1.87015e-15
0.00604892 3.61664e-15 1.35515e-15 0.00600456 5.74988e-15 2.97536e-15
0.00512193 1.76824e-15 3.38465e-15 0.00515599 1.01389e-15 7.66869e-15
0.00370322 8.95135e-16 2.18632e-15 0.00373941 -2.23227e-16 4.91877e-15
-0.00152336 3.17398e-16 -1.74757e-15 -0.00154067 1.55476e-15 -2.80241e-15
0.0117582 5.62754e-16 5.57617e-15 0.0116946 2.76783e-15 4.96791e-16
-0.000648093 -6.66128e-16 9.74465e-16 -0.000654909 -2.01959e-15 5.24385e-15
0.0147265 -5.37784e-15 9.12657e-15 0.0146774 -6.983e-15 1.44218e-14
0.00457856 -4.05959e-16 -1.60127e-15 0.00454066 1.31292e-15 -9.92361e-15
-0.00668065 2.96656e-15 -2.02027e-15 -0.00675625 3.06873e-15 -1.24585e-15
-0.0072124 5.7713e-15 -4.37525e-15 -0.00714681 8.4e-15 -1.23414e-14
-0.00316034 2.41572e-15 -9.64273e-16 -0.00319558 3.45242e-15 -3.64326e-15
0.00126084 -1.70842e-15 2.27032e-15 0.00126887 -4.13644e-15 8.30758e-15
0.00223745 -2.056e-15 2.96182e-15 0.00223986 -5.85905e-15 9.07528e-15
-0.00597554 1.81145e-15 -3.54638e-15 -0.00603334 5.11219e-15 -7.7013e-15
0.0111903 -1.05631e-15 2.90996e-15 0.0110861 -8.64574e-16 -1.35053e-16
0.0126799 9.21622e-17 3.29298e-15 0.0126026 1.02714e-15 -8.75743e-16
0.00678703 1.01854e-15 1.2496e-15 0.00683149 2.82139e-15 -3.26308e-15
-0.00529198 -4.27831e-16 -8.57979e-16 -0.00524432 3.52875e-15 2.04535e-16
-0.0117436 -3.53077e-15 -1.56749e-15 -0.0117138 -1.16627e-15 2.18239e-17
-0.00420268 6.76744e-16 -1.24677e-15 -0.0041914 6.85468e-15 -2.35965e-15
0.00603658 2.21591e-16 1.46538e-15 0.0060085 -3.81777e-15 5.36397e-15
-0.00285821 -2.33511e-16 1.28983e-16 -0.00285585 3.8857e-15 8.66886e-16
-0.00245892 2.0298e-15 -9.93827e-16 -0.0024382 1.01368e-14 -2.73182e-15
-0.00320462 -5.34859e-15 8.74293e-16 -0.00317599 -1.28316e-14 4.05503e-15
0.00902445 4.78485e-15 2.62703e-15 0.00909127 2.84323e-15 3.33894e-15
0.00958445 8.70088e-15 1.74645e-15 0.00954047 1.73458e-14 -2.59369e-15
-0.00968621 -2.83041e-15 -4.42823e-15 -0.00976393 4.01832e-15 -6.31452e-15
-0.00466364 2.74727e-15 -2.56338e-15 -0.00462772 5.58538e-15 -5.04876e-15
-0.00494022 -7.0733e-16 4.31505e-17 -0.0048952 -6.12665e-15 2.12815e-15
0.000646236 -1.88214e-15 5.69257e-16 0.000652843 -6.41875e-15 2.95361e-15
0.00127369 -4.30092e-16 -3.50633e-16 0.00126507 3.81998e-16 -1.64241e-15
-0.000809052 -1.59013e-15 6.7982e-16 -0.00081356 -7.06615e-15 2.84777e-15
-0.00844125 6.45033e-15 7.05935e-16 -0.00839272 9.57789e-15 -3.08555e-16
0.00759343 -2.65605e-15 -1.96236e-15 0.00757195 1.07982e-15 -3.50976e-15
-0.0042023 2.94725e-16 1.5704e-15 -0.00424893 -5.69573e-15 2.86555e-15
-0.00936221 6.76353e-15 2.83877e-15 -0.00927483 1.24577e-14 7.43894e-16
-0.00586869 2.14614e-15 2.08857e-15 -0.00591096 2.2204e-15 1.16865e-15
0.0095024 -3.67311e-15 -3.69428e-15 0.00957502 -5.74624e-15 -4.27768e-15
0.000462269 -2.69882e-15 6.9745e-16 0.000464454 -1.0564e-14 2.79939e-15
0.0028405 3.63141e-15 -2.22694e-15 0.00283089 1.23726e-14 -5.96479e-15
-0.00111162 -4.77372e-16 6.16741e-16 -0.00112199 -1.69596e-15 2.12067e-15
0.000843838 -3.14542e-15 1.0544e-15 0.000844944 -1.13739e-14 3.68504e-15
-0.00309602 1.32233e-15 -4.4186e-16 -0.00312322 8.78597e-15 -3.86625e-15
-0.008752 -7.23167e-15 2.51071e-15 -0.00869963 -1.60304e-14 6.0879e-15
-0.00643515 -9.6849e-16 5.43389e-16 -0.00639329 2.0317e-15 -1.28295e-15
0.0124759 5.14901e-15 -4.17752e-15 0.0125558 -1.03342e-16 -2.71835e-15
-0.00591534 -4.44557e-15 1.93167e-15 -0.00596161 -8.99553e-15 2.66499e-15
0.0123057 7.13649e-15 -2.82955e-15 0.012217 8.49416e-15 -4.31633e-15
-0.0081657 -2.07021e-15 1.79733e-16 -0.00822911 2.72931e-16 -2.2359e-15
0.00469903 2.55959e-15 -4.80175e-16 0.00468956 4.29799e-15 -1.88656e-15
0.00344031 -1.26758e-17 7.5653e-19 0.00341741 2.22971e-16 2.9685e-17
0.00653996 -9.69179e-17 -4.25204e-18 0.00660113 -1.15536e-15 -1.18894e-16
0.000748451 -4.28941e-17 3.13588e-17 0.000742535 8.2008e-16 3.06474e-16
0.000823323 -1.63689e-16 -1.91844e-17 0.000827863 -8.21543e-16 1.55994e-15
0.000455798 -1.76941e-16 -3.41215e-16 0.000451597 1.67778e-16 -2.50322e-15
-0.0013459 2.23489e-16 6.02817e-16 -0.00133398 -1.28347e-15 1.1036e-15
0.00532334 -1.89826e-15 -2.34097e-15 0.00527466 -2.21193e-15 -3.61901e-15
0.00990649 -2.39706e-15 -4.52961e-15 0.0098162 -1.74469e-15 -6.62099e-15
-0.00736223 1.20558e-15 2.8947e-15 -0.00741636 3.56675e-16 3.21715e-15
-0.000670617 6.04278e-17 2.23828e-16 -0.000672259 -8.05423e-17 2.64542e-16
0.009791 -6.86895e-16 -4.0072e-15 0.00986618 1.4253e-15 -3.99434e-15
0.0145462 -4.34491e-16 -4.79774e-15 0.0144717 1.4833e-15 -6.73628e-15
0.00920394 -2.4156e-16 -2.17316e-15 0.00924134 4.88971e-16 -3.47621e-15
0.0133994 -2.05063e-15 -3.72435e-16 0.0133141 -3.38154e-15 2.31998e-15
0.0109938 -1.944e-15 2.78138e-16 0.0110683 -3.24151e-15 2.91687e-15
0.00791639 -5.37916e-16 -1.40521e-15 0.00788992 5.91373e-16 -6.4622e-15
0.00571831 -1.38671e-15 -4.71328e-16 0.0057522 -2.42365e-15 -1.55921e-15
0.00864299 -2.2505e-15 -6.60175e-17 0.00866074 -2.87399e-15 -1.80976e-15
-0.00258804 1.21696e-15 -9.40283e-16 -0.00261255 2.53317e-15 -3.2824e-15
0.00029144 -2.30529e-16 5.67627e-16 0.000295398 -7.27228e-16 2.25185e-15
0.00686205 8.40378e-16 1.52974e-15 0.00681241 3.55464e-15 -7.75357e-16
0.0126721 1.16856e-15 4.49447e-15 0.0127152 4.36548e-15 3.76024e-15
-0.0146299 -1.42665e-15 -4.68273e-15 -0.0147519 -2.86885e-15 -3.76788e-15
0.0098425 2.09891e-15 3.11167e-15 0.00975484 1.14735e-15 7.90992e-15
0.00348133 1.58019e-15 -1.16143e-15 0.00344957 1.16552e-15 -4.22694e-15
0.00208888 5.90943e-17 1.45129e-15 0.00209708 -1.63818e-15 2.45355e-15
-0.00100279 1.36207e-15 9.57318e-16 -0.00099835 4.72175e-15 6.0375e-15
-0.00756521 -1.9869e-15 -2.66401e-15 -0.00751545 -6.10711e-15 -7.19407e-15
0.00864497 1.8913e-15 2.88612e-15 0.00858187 5.04244e-15 7.20144e-15
-0.0120981 -2.33074e-15 -2.10268e-15 -0.012159 -4.39657e-15 -3.7691e-15
0.0143047 3.28742e-15 3.28206e-15 0.014255 6.33773e-15 6.78463e-15
0.0059361 2.4586e-15 1.46525e-15 0.00594116 8.44238e-15 1.36813e-15
-0.0126007 -1.74338e-15 -3.07106e-16 -0.0124933 3.67488e-15 3.24527e-15
-0.00131687 1.32949e-15 1.19631e-15 -0.00131171 5.76752e-15 3.52217e-15
0.00752871 2.26884e-15 1.61257e-15 0.0076151 1.72677e-15 -2.09977e-16
-0.000754039 -1.50417e-16 -4.37442e-16 -0.000762214 7.26946e-16 2.97495e-16
-0.00160881 1.18936e-15 5.52429e-16 -0.00159429 3.37915e-15 3.24601e-15
0.00496452 2.25996e-15 2.20902e-15 0.00492393 5.04193e-15 4.21418e-15
-0.000254063 3.82792e-16 4.30777e-16 -0.000257374 1.23071e-15 2.45664e-15
0.00680445 2.70351e-15 1.32988e-15 0.0067421 4.93617e-15 2.94002e-15
-0.0146274 -4.04029e-15 -1.45168e-15 -0.0146541 -4.654e-15 3.61755e-16
0.0115591 1.98131e-15 3.23497e-15 0.0116646 1.09117e-15 3.66153e-15
-0.00689709 -1.75303e-15 -1.98498e-15 -0.00697264 -3.18087e-15 -1.0807e-15
-0.00321962 -6.34045e-16 -4.98382e-16 -0.00321409 -1.2283e-15 2.05435e-15
-0.004334 -3.30022e-16 -1.60651e-15 -0.00432882 4.64428e-16 -2.96936e-15
0.00116878 1.04017e-15 -4.99564e-16 0.00118239 3.70727e-15 -2.14834e-15
0.000126219 7.58933e-16 -9.88089e-16 0.000126972 3.22478e-15 -3.63327e-15
-0.0123779 -2.47399e-15 -1.99757e-15 -0.0124934 -3.70943e-15 1.68468e-15
-0.0115064 -1.68952e-15 -4.74553e-15 -0.0114646 -2.95356e-16 -7.34183e-15
-0.00321993 7.57731e-16 -3.0803e-15 -0.00318928 4.01918e-15 -8.08507e-15
0.00681049 7.90419e-16 2.91264e-15 0.00679783 -2.34978e-15 5.72214e-15
-0.0127845 -3.71488e-15 -1.35539e-15 -0.0128213 -3.61305e-15 1.34378e-15
0.00772871 3.66453e-15 -2.37995e-15 0.00765964 7.73954e-15 -9.33273e-15
0.00511747 1.92164e-15 -1.03947e-15 0.0051356 4.10987e-15 -4.68466e-15
-0.00140063 -1.51756e-15 2.43349e-15 -0.00139056 -4.14307e-15 8.64829e-15
0.00271934 -8.65078e-16 4.15933e-15 0.00270104 -4.00235e-15 1.12359e-14
0.0114248 2.85327e-15 2.99063e-15 0.0113501 4.63133e-15 -2.27286e-15
-0.00128793 -7.50992e-16 -5.95794e-16 -0.00129787 -1.8707e-15 -8.7524e-16
-0.0125177 -3.20121e-15 -8.24393e-15 -0.0125144 -3.84597e-15 -1.021e-14
-0.000318962 9.99696e-16 7.25636e-16 -0.000316805 3.62496e-15 3.21799e-15
-0.00255112 8.33831e-16 -4.77118e-16 -0.00254187 2.4945e-15 1.35229e-15
-0.00109448 7.5934e-16 -9.83871e-16 -0.00110746 2.79846e-15 -3.94348e-15
-0.00092657 -1.29707e-15 4.14031e-16 -0.000935837 -3.26468e-15 1.56015e-15
0.0110733 2.70038e-15 4.51011e-16 0.011154 3.37142e-15 2.86111e-15
-0.0126129 -2.14397e-15 2.05465e-15 -0.0126942 -2.37061e-15 3.2727e-15
0.0138559 4.68866e-15 -2.82341e-15 0.0138427 9.74141e-15 -3.53102e-15
0.00457978 -1.16228e-15 -6.00615e-16 0.00459289 -5.7649e-15 1.31509e-15
0.0104272 3.72839e-15 -6.18708e-15 0.0105312 7.62189e-15 -8.4827e-15
-0.0116119 -5.69475e-16 6.31117e-15 -0.0115729 5.90644e-15 6.16577e-15
-0.00434741 2.28076e-15 1.91053e-15 -0.00430937 8.28002e-15 2.48573e-16
0.00145393 -2.86499e-17 -1.51693e-15 0.00146948 -4.15447e-16 -4.17774e-15
0.000414549 -1.11163e-15 5.24744e-16 0.000417443 -3.91241e-15 2.11311e-15
-0.00102256 1.14481e-15 -5.43012e-17 -0.00103235 6.48068e-15 -1.2618e-15
-0.00677844 1.01619e-16 8.90032e-16 -0.0067477 4.53643e-15 -1.3389e-15
-0.0072265 4.43019e-16 -1.44031e-16 -0.00715942 6.20831e-15 -9.07129e-16
0.0137988 4.17199e-15 -4.59705e-16 0.01395 7.40471e-15 -1.02283e-15
0.0130781 4.65065e-15 -1.59431e-16 0.0130166 9.53246e-15 -1.91448e-15
0.00211245 6.09296e-17 1.3357e-15 0.00211119 -7.96683e-16 4.40289e-15
-0.00805772 -1.57177e-15 -2.08223e-15 -0.00803891 -2.37954e-15 3.80939e-16
0.0107564 3.47244e-15 4.40059e-15 0.0107681 7.08507e-15 3.67574e-15
0.00129036 5.40763e-17 -2.29727e-17 0.00130461 7.298e-16 -8.76443e-16
0.00638081 -2.86101e-16 -4.84359e-16 0.00644179 -9.42938e-16 -5.34785e-16
0.00137002 1.64792e-16 -3.29751e-16 0.00138441 2.90357e-15 -1.74585e-15
-0.0121171 1.69038e-15 2.78549e-15 -0.0121263 -7.2819e-16 3.82169e-15
0.00729367 -2.76393e-15 -2.813e-15 0.00733576 -3.87918e-15 -4.34461e-15
-0.00135944 3.53679e-16 3.84012e-16 -0.00134777 -5.8251e-16 -3.41298e-16
0.000423852 -5.08091e-16 -4.32809e-16 0.000426137 -1.29801e-15 -1.59434e-15
0.00859346 -4.02149e-15 -3.33635e-15 0.00855347 -8.89183e-16 -1.61788e-15
0.00660644 -3.88889e-15 -1.58029e-15 0.00663863 -4.01575e-15 -7.55033e-16
-0.0013941 9.00709e-16 2.80788e-16 -0.00138756 2.6139e-15 1.27894e-15
-0.00325702 2.10335e-15 5.15953e-16 -0.00324602 1.91785e-15 9.09297e-16
-0.011435 5.41107e-15 3.01635e-16 -0.0115398 2.84174e-15 -7.82832e-16
-0.00194444 1.24946e-16 -1.61828e-16 -0.00196012 -1.84997e-15 -1.18393e-15
0.00872702 -3.9639e-15 -8.53412e-17 0.00869557 -7.13859e-15 4.34839e-16
0.00671762 -8.02645e-16 -1.82234e-15 0.0066922 -3.92248e-15 -2.64344e-15
0.00166199 -9.26533e-16 -6.96626e-16 0.00166344 -4.55752e-15 -1.29147e-15
-0.00325421 -3.20563e-15 1.11626e-15 -0.00324697 -6.75196e-15 2.63835e-15
0.0139238 1.10158e-14 -3.43911e-15 0.0138854 1.32756e-14 -5.52025e-15
-0.00278247 -4.50616e-16 -2.32046e-17 -0.00278966 3.26532e-15 -1.32175e-15
0.00443825 -1.39436e-16 -6.77226e-16 0.00439803 -6.02725e-15 2.66109e-16
-0.00344648 6.18524e-16 1.91408e-16 -0.0034332 5.7011e-15 -1.75893e-15
0.0141323 5.11816e-15 -5.20768e-15 0.0141154 9.87983e-15 -7.00394e-15
0.0102541 -3.52429e-15 -6.461e-16 0.010273 -4.17787e-15 -1.35267e-16
0.0082222 -4.68522e-15 7.47544e-17 0.00829809 -6.67937e-15 1.73395e-15
-0.0114584 6.66266e-15 1.4329e-15 -0.011466 6.74013e-15 2.94073e-15
0.0121806 -6.78885e-15 -5.69644e-15 0.0121776 -6.76077e-15 -7.33608e-15
0.0045801 -2.70177e-15 -7.26406e-16 0.00461457 -4.5498e-15 9.34623e-16
0.00430029 -1.21926e-15 -2.17319e-15 0.00434485 1.95614e-16 -5.59668e-15
0.000491796 -6.66815e-16 1.08411e-15 0.000486983 -1.99807e-15 4.20906e-15
0.00202915 -8.87345e-16 -7.25261e-17 0.00204468 -2.01536e-15 1.27823e-15
-0.00654868 1.57855e-15 -8.00082e-16 -0.00649976 2.36466e-15 -5.13828e-15
-0.00783057 3.22048e-17 3.01397e-15 -0.00776388 1.02231e-16 6.22179e-15
0.0019234 5.50319e-16 -2.22009e-15 0.00190601 2.43761e-15 -6.3062e-15
-0.0114415 1.57661e-16 1.00566e-15 -0.01149 -5.41415e-16 1.28333e-15
-0.00608063 5.56637e-17 -9.84693e-16 -0.00605694 1.41941e-15 -5.43045e-15
-0.0105231 -3.1848e-15 2.568e-15 -0.0104637 -6.62535e-15 6.90483e-15
-0.0130793 -8.60475e-15 3.35602e-15 -0.0130742 -1.09695e-14 6.28558e-15
-0.00472213 -4.33171e-15 2.65893e-15 -0.00469792 -6.86221e-15 5.32213e-15
0.00433708 2.72373e-15 -1.9044e-15 0.00437709 1.15721e-15 -2.1079e-15
0.00233845 2.58153e-15 -1.37464e-15 0.0023445 3.86339e-15 -4.15283e-15
0.00562903 4.16139e-15 -1.78007e-15 0.00569212 5.68965e-15 4.03124e-16
-0.00303315 -2.03248e-15 2.46994e-15 -0.0030593 -2.89039e-15 5.7407e-15
-0.00363335 -2.18291e-16 1.0352e-15 -0.00360925 3.01858e-15 -9.12586e-16
-0.000824345 2.44052e-16 -4.89025e-16 -0.000830133 1.467e-15 -2.22216e-15
-0.00147726 -1.39121e-15 1.25506e-15 -0.00146421 -3.45704e-15 2.09652e-15
0.000390821 8.0009e-16 -1.14079e-15 0.000391 2.07913e-16 -2.80171e-15
0.00274241 4.79421e-16 -2.08872e-15 0.00273936 2.55914e-15 -4.41978e-15
0.00406652 -3.9986e-16 -2.23139e-15 0.00404896 2.75156e-15 -4.61505e-15
0.0122251 -3.77352e-15 -3.78147e-15 0.0121965 -1.00143e-15 -4.71818e-15
-9.51014e-05 -4.19837e-16 3.58325e-16 -9.57598e-05 -2.17187e-15 7.64877e-16
-0.00353162 2.40517e-15 2.24845e-17 -0.00357051 8.19533e-16 -9.30232e-16
-0.00784274 4.61582e-15 -1.50086e-15 -0.00789832 2.05632e-15 -2.0584e-15
-0.0117338 6.22499e-15 -4.15784e-15 -0.0117654 3.10095e-15 -3.06828e-15
0.00303795 -3.47063e-15 2.0851e-15 0.00301883 -7.4531e-15 3.27308e-15
0.000325651 -1.76511e-15 8.29511e-16 0.000325093 -3.78145e-15 2.29095e-15
-0.00761922 -2.02334e-15 -3.04767e-15 -0.00755108 -3.38184e-15 6.61453e-16
-0.000791502 -9.80043e-16 -3.41211e-16 -0.000800209 -3.14523e-15 -2.65003e-16
-0.00884424 -3.65234e-15 -1.19376e-15 -0.00876219 -5.54815e-15 2.2457e-15
0.00493313 1.74242e-15 2.13623e-15 0.00491182 1.36642e-15 4.4526e-15
-0.0118961 -5.90885e-15 -7.49298e-16 -0.0120298 -8.36505e-15 -1.06382e-15
-0.0116776 -4.92328e-15 2.41399e-16 -0.0117543 -2.91377e-15 -2.32478e-15
-0.00331854 -9.27074e-16 4.68312e-16 -0.00335552 1.51294e-15 4.36253e-16
0.000783893 4.18131e-16 -1.41221e-15 0.000779801 5.55644e-16 -3.95589e-15
-0.00245955 -2.06543e-15 1.72311e-15 -0.00246139 -3.67638e-15 3.42178e-15
-0.00136599 -6.00106e-16 1.83789e-16 -0.00136484 -1.00646e-15 -1.8061e-15
0.00242078 -5.91426e-16 -3.57594e-15 0.00240652 -2.5474e-15 -8.24299e-15
-0.0118419 -6.43973e-16 3.36732e-15 -0.0118702 -2.38078e-15 1.60437e-15
-0.0104479 5.34159e-16 2.56344e-16 -0.0105287 -9.91861e-16 -2.71978e-15
0.00405275 -4.74923e-16 2.32739e-15 0.0040463 -1.77926e-16 7.03963e-15
0.00186715 -5.52388e-16 2.86143e-15 0.00186655 7.15093e-16 7.93103e-15
0.0110284 -6.5072e-15 1.0468e-14 0.0110004 -6.5055e-15 1.48953e-14
-0.00982998 5.32317e-15 -9.22624e-15 -0.00984378 3.38859e-15 -1.13413e-14
-0.00070738 9.94712e-16 1.31123e-15 -0.000706275 2.34559e-15 6.21691e-15
0.00753807 -4.40302e-15 6.03786e-15 0.00762352 -2.61492e-15 6.16769e-15
-0.0085099 4.72234e-15 -8.37041e-15 -0.00843341 3.99989e-15 -1.36278e-14
-0.0050605 1.9333e-15 -1.04621e-15 -0.00508594 4.43339e-15 -3.22947e-15
-0.00602173 6.79782e-17 2.41285e-15 -0.00597666 -2.12962e-15 6.61157e-15
0.0149029 -1.41171e-15 -4.43887e-15 0.0149077 -3.27911e-15 -2.01781e-15
0.000908217 7.72125e-16 -1.84325e-15 0.000917838 1.3953e-15 -4.96122e-15
-0.00532434 -4.36706e-16 3.1813e-15 -0.00531154 -6.36785e-16 1.48115e-15
0.0149819 1.33881e-16 3.85723e-17 0.0148925 2.54656e-16 5.38284e-16
0.00999375 -2.43613e-16 -1.73241e-16 0.00990108 -1.04765e-16 1.43548e-16
0.00570176 -2.06737e-16 3.42574e-17 0.00566514 3.83972e-15 -3.59206e-17
0.00286654 -3.70372e-16 2.39857e-16 0.00287935 -2.21516e-16 1.53704e-15
-0.00524288 8.19044e-16 -2.97556e-16 -0.00527886 -8.32407e-16 -1.13682e-15
0.00585969 -2.29706e-15 1.33765e-17 0.00591901 -3.99512e-15 -1.02058e-15
0.00924897 -2.88132e-15 6.67613e-16 0.00930261 -2.4275e-15 1.67675e-15
-0.0127622 4.73997e-15 -3.77808e-15 -0.0128201 8.26613e-16 -3.07709e-15
-0.0148027 7.693e-15 -5.01621e-15 -0.0147265 1.16778e-14 -4.7572e-15
-0.00995961 4.45005e-15 -5.53342e-15 -0.00989496 1.91297e-15 -4.75837e-15
-0.0135963 5.42807e-15 -7.42876e-15 -0.0135276 1.20529e-15 -6.58564e-15
0.00468407 -2.75604e-15 2.91713e-15 0.00472111 -3.37066e-15 3.526e-15
-0.0013491 5.05733e-16 -6.92001e-16 -0.00136196 2.60816e-16 -2.33895e-15
-0.0117619 7.30488e-15 -4.37641e-15 -0.0117019 1.11958e-14 -4.05763e-15
-0.00857607 1.33865e-15 -2.1868e-15 -0.00852804 -3.404e-15 -1.44218e-15
0.0100294 -6.73719e-15 1.8892e-15 0.00993909 -1.30441e-14 2.21431e-15
0.00600248 7.61666e-16 3.87957e-16 0.00594905 7.30243e-15 -2.0591e-16
0.00139228 -2.14328e-15 1.95593e-16 0.00139393 -8.0193e-15 6.05054e-16
0.00604372 -2.358e-15 9.16585e-16 0.00598618 -6.67671e-15 1.31762e-15
-0.0102874 1.24278e-15 -2.03081e-15 -0.0103914 2.69123e-15 -2.2732e-15
0.0137233 1.65601e-15 3.43761e-15 0.013624 4.29535e-15 3.83506e-15
-0.00245059 -1.27442e-15 -7.70585e-16 -0.00243215 -6.20024e-15 -1.03997e-15
0.00226677 2.00225e-15 9.47142e-16 0.00226767 4.88119e-15 5.42424e-16
0.0070597 4.65952e-15 3.03753e-15 0.00703199 7.55327e-15 3.51992e-15
0.0107419 6.32708e-15 4.64614e-15 0.0108628 5.90127e-15 6.00834e-15
0.00650729 5.01869e-15 2.61207e-15 0.00655714 6.69585e-15 2.93332e-15
0.002702 1.28344e-15 4.28767e-16 0.00272665 1.44832e-15 -4.72829e-16
-0.00135224 -2.38762e-16 2.26287e-16 -0.0013644 9.16397e-16 1.69054e-15
-0.00195431 -3.92745e-16 -1.52182e-16 -0.00197355 -1.59547e-15 -1.4366e-16
-0.0150408 2.93328e-15 -3.39583e-15 -0.0149433 2.48324e-15 -2.76183e-15
0.00876739 -3.50785e-15 3.14525e-15 0.00885668 -3.98302e-15 4.18464e-15
-0.00156893 6.12423e-16 -4.81125e-16 -0.0015823 -8.6731e-16 -7.05798e-17
0.00167843 -1.30516e-15 5.14094e-16 0.00166427 -2.97249e-15 7.88854e-16
-0.00609865 3.86172e-15 -1.89245e-15 -0.00611599 4.26916e-15 -9.27649e-16
0.00957595 -6.28587e-15 3.4152e-15 0.00962665 -6.85546e-15 4.64675e-15
-0.00756885 5.12998e-15 -1.99031e-15 -0.00765327 4.05355e-15 -8.15123e-16
-0.0149136 1.02887e-14 -3.69521e-15 -0.0149841 8.88765e-15 -3.05386e-15
-0.00930397 6.43926e-15 -1.26941e-15 -0.00923785 7.36627e-15 -5.54958e-16
-0.00621386 2.92043e-15 -6.32105e-16 -0.00625227 3.10031e-15 -1.06612e-17
0.00723857 -1.53638e-15 1.66886e-15 0.0072072 7.42888e-17 2.39295e-15
0.0128884 -2.21575e-15 3.50091e-15 0.0130214 -4.98529e-15 5.62962e-15
-0.00615371 -1.47125e-15 -1.56288e-15 -0.00622276 -2.69663e-15 -2.1043e-15
-0.00724678 -3.72129e-15 -1.12552e-15 -0.0071938 -6.45923e-15 -9.72464e-16
-0.000866921 7.61356e-16 1.1295e-16 -0.000871308 3.76696e-15 -1.20159e-15
0.0062988 1.9333e-15 7.93031e-16 0.00626041 -1.10697e-15 2.7257e-16
0.00350929 9.18158e-16 6.72566e-16 0.0034947 -2.13504e-15 1.68042e-16
0.00219429 -3.27236e-16 5.969e-16 0.00217454 -4.06737e-15 6.90078e-16
0.0136903 9.96111e-15 3.96779e-15 0.0137562 1.4077e-14 2.6964e-15
0.00025562 5.92357e-16 -3.49571e-17 0.000258393 2.18138e-15 7.05036e-17
0.00236945 3.57822e-15 5.32681e-16 0.00234969 9.01262e-15 4.16804e-16
-0.00544979 3.04498e-16 -5.99909e-16 -0.00543172 4.32765e-15 -5.774e-16
-0.00967999 1.66715e-16 -1.93408e-15 -0.00978942 1.27622e-15 -2.45907e-15
-0.00431365 2.72651e-15 -1.53508e-15 -0.00428507 5.2969e-15 -2.75049e-15
-0.00240998 -1.04559e-15 -2.28648e-16 -0.00241006 -6.43257e-15 1.16431e-16
0.0012461 -1.21782e-16 7.09326e-17 0.00126043 2.47362e-15 -2.08088e-15
0.00975236 -4.93695e-15 8.24478e-16 0.00970036 -2.14106e-15 -9.45059e-17
0.00112474 -2.22357e-15 8.91705e-16 0.0011181 -7.29611e-15 4.18617e-15
0.00332957 -1.99436e-15 8.15804e-16 0.00335477 -1.45118e-15 1.12987e-15
0.00996711 -5.59991e-15 2.26009e-15 0.0100636 -4.76995e-15 -3.78662e-16
0.009912 -4.701e-15 2.88472e-15 0.010015 -4.04831e-15 4.75004e-15
-0.0114106 3.34757e-15 -2.2106e-15 -0.0113411 3.84261e-16 -5.54326e-16
0.00139306 6.80407e-16 -4.88769e-16 0.00138581 3.45066e-15 -1.31893e-15
-0.00519128 1.20216e-16 -4.01764e-16 -0.00523405 -3.20895e-15 2.834e-15
0.00500376 6.88632e-17 8.00769e-16 0.00505872 9.49639e-16 1.04937e-15
-0.0130339 1.05949e-15 -3.05506e-15 -0.0129187 3.58004e-15 -4.72611e-15
0.0146164 1.73102e-15 1.34769e-15 0.0144995 2.76617e-15 -2.26901e-15
-0.00397389 -7.79806e-16 -1.1256e-16 -0.00400443 -1.27921e-15 1.18181e-15
-0.0010892 -5.00305e-16 -6.76264e-16 -0.00110236 -2.34737e-16 -1.21751e-15
0.00822815 4.77534e-15 1.06247e-15 0.00816088 6.57552e-15 -6.36938e-16
0.00835874 3.39916e-15 2.5104e-15 0.00840098 1.67534e-15 3.56001e-15
0.00810735 3.90547e-15 3.58046e-15 0.00806082 3.39692e-15 7.79069e-15
-0.0147018 -7.35471e-15 -3.07183e-15 -0.0147957 -4.65613e-15 -3.71095e-15
-0.00386002 -1.61071e-15 -1.1062e-15 -0.00388261 3.93328e-15 -1.49694e-16
-0.014285 -7.25629e-15 -5.18337e-15 -0.0143933 -9.92181e-15 -1.11144e-14
-0.00140563 4.21553e-16 2.62439e-15 -0.00140144 3.39397e-15 8.99861e-15
0.00110195 -2.61977e-16 -4.10171e-16 0.00111463 -1.27547e-15 -2.69608e-15
0.00366523 4.85046e-16 3.17287e-15 0.00364965 1.23169e-15 1.01673e-14
-0.00661706 3.45899e-15 -1.07594e-15 -0.00668732 4.01482e-15 -3.85553e-16
0.00400545 -2.01216e-15 5.203e-15 0.0039788 -4.87482e-16 1.52785e-14
0.000310466 5.95907e-17 5.31414e-16 0.000314163 7.47228e-17 1.32769e-15
0.00429476 -3.17918e-17 7.82678e-17 0.00427307 -1.41224e-15 6.55064e-16
-0.014698 -8.37507e-17 7.34412e-16 -0.0146454 7.5974e-16 2.22148e-15
0.00101754 1.17232e-16 1.24037e-16 0.00100828 1.13148e-15 8.82273e-16
-0.0119989 -6.05625e-16 1.65615e-15 -0.0119554 -2.63333e-15 1.18314e-16
-0.00205137 -4.59578e-17 4.9856e-16 -0.00203286 -3.11817e-15 7.53914e-16
0.00668396 2.14772e-15 -2.54242e-15 0.00662748 1.15749e-15 -3.71383e-15
-0.00392358 -9.82824e-16 1.05493e-15 -0.00388743 6.68605e-17 -1.34356e-16
-0.00324399 -1.17371e-15 8.88829e-16 -0.00328189 -1.91872e-15 7.27561e-17
0.00344531 1.41339e-15 -1.45492e-15 0.00341686 2.02913e-15 -1.56986e-15
0.00363614 1.31029e-15 -1.06661e-15 0.00367259 2.06576e-15 -1.00201e-15
4.19837e-05 -3.34051e-16 4.21758e-16 4.26707e-05 -1.26955e-15 1.38708e-15
-0.00060769 -4.2984e-16 4.27751e-16 -0.000614559 -2.00655e-15 2.04151e-15
-0.00990919 1.43252e-16 6.03911e-16 -0.0100026 1.41446e-15 -5.73678e-16
0.00499458 -7.22277e-16 5.18564e-17 0.00500332 -2.22048e-15 2.25514e-15
0.000620709 4.86678e-16 -4.18354e-16 0.00061643 1.81611e-15 -1.11939e-15
0.000851218 2.64678e-16 -1.03213e-15 0.000861142 1.66991e-15 -3.23001e-15
-0.000703855 -1.00866e-15 1.30794e-15 -0.000701629 -3.25604e-15 3.97712e-15
0.00580581 -5.89999e-16 -3.06918e-15 0.00575304 2.31204e-15 -3.87593e-15
0.0108368 -4.06201e-15 -2.53796e-15 0.0109605 -3.81462e-15 -2.94101e-15
0.00289299 2.38342e-17 -4.53647e-16 0.00291429 2.04155e-15 -1.44633e-15
-0.00956741 1.18778e-15 -5.00606e-16 -0.00967681 2.10869e-15 -9.12995e-16
-0.00531407 1.45802e-15 -2.28894e-15 -0.00526411 3.38184e-15 -6.14728e-15
0.000157001 7.88831e-16 -4.63944e-16 0.000158284 2.29932e-15 -1.49907e-15
-0.00156041 -4.43811e-16 -1.00901e-15 -0.00157462 -3.02345e-15 -1.2235e-15
0.00848147 -6.59398e-16 1.83236e-15 0.00840264 -1.26706e-16 -2.58357e-15
-0.00999536 1.55443e-15 -2.81497e-15 -0.00990285 8.02244e-16 1.30843e-15
0.00292409 -1.36421e-15 1.44115e-16 0.00290988 -2.33631e-15 -2.70915e-15
0.000892335 -4.80906e-16 -4.35791e-16 0.000893703 -1.08195e-15 -4.52281e-15
0.00848459 -2.92403e-15 4.6059e-15 0.00858261 -5.34725e-15 4.54807e-15
0.000111303 2.89069e-17 -3.96965e-16 0.000112517 6.26452e-16 -9.96308e-16
0.00501957 -4.22799e-16 1.59898e-15 0.00506516 -1.14515e-15 -3.38579e-16
-0.013691 1.41765e-15 -4.41653e-15 -0.01385 2.5404e-15 -4.15387e-15
-0.00745555 1.43482e-15 -6.12688e-16 -0.00751448 3.69839e-15 1.64911e-15
0.00689502 -2.5534e-15 -1.4045e-15 0.00684867 -6.21383e-15 -5.94753e-15
0.00596952 -3.0578e-15 -2.72768e-15 0.00595446 -6.56927e-15 -8.93285e-15
0.000431503 -1.16892e-15 -1.422e-15 0.000427474 -3.44331e-15 -3.7483e-15
0.00313038 -6.06963e-16 -1.18022e-15 0.00314141 -1.66198e-15 3.9059e-16
-0.0105677 5.24772e-16 4.5799e-15 -0.0106704 -9.99286e-16 2.02114e-15
-0.014499 4.36578e-15 7.70519e-15 -0.014572 4.50045e-15 9.49101e-15
0.0070722 -2.86837e-15 -4.1264e-15 0.00706574 -4.12215e-15 -6.38204e-15
0.000345443 -5.02242e-16 -9.20597e-16 0.000347058 -1.36632e-15 -3.31835e-15
0.000151271 1.78879e-16 5.34541e-16 0.000152395 5.40416e-16 2.79169e-15
-0.0100429 2.64291e-15 2.89622e-15 -0.00995806 8.73177e-16 1.81815e-15
-0.00340709 6.4916e-17 1.82401e-16 -0.00338461 -2.11194e-15 -2.14166e-15
-0.0126184 3.661e-15 1.26863e-15 -0.0126903 1.58732e-15 -2.14836e-15
0.00454593 -1.82702e-15 -8.41411e-16 0.00458639 -5.17425e-15 -2.39042e-15
0.00198027 8.43901e-16 8.6175e-16 0.00200164 3.17e-15 2.31709e-15
0.0126372 2.51348e-15 2.72589e-15 0.0125434 8.23687e-15 5.47202e-15
-0.0116216 2.12238e-15 -5.10753e-16 -0.0115627 7.13922e-15 1.58817e-15
-0.00719705 -2.69361e-15 -2.75424e-15 -0.00721346 -6.27434e-15 -2.99168e-15
-0.0127201 -6.46475e-15 -6.60798e-15 -0.0126081 -1.1062e-14 -9.51713e-15
-0.00476643 -7.8909e-17 -2.44825e-16 -0.00472208 3.56288e-15 3.73035e-15
-0.000671047 -7.69457e-16 -1.40079e-15 -0.000666657 -1.53191e-15 -3.92278e-15
-0.00842145 -5.44715e-15 -2.4041e-15 -0.00844407 -9.18855e-15 -3.88374e-15
-0.000227765 -1.30198e-15 -2.73259e-16 -0.000230604 -5.17865e-15 -5.41022e-16
-0.0103689 -7.30627e-15 -3.13865e-16 -0.0104204 -1.0938e-14 2.33229e-16
-0.00789488 -2.49658e-15 -1.36678e-15 -0.00787479 2.06407e-15 -3.17067e-15
-0.000453675 3.22634e-16 -1.2878e-15 -0.000451746 1.5715e-15 -4.86818e-15
-0.0145528 -8.06984e-15 -1.71507e-15 -0.0144507 -1.02095e-14 1.33735e-15
-0.00764494 -5.65608e-15 -1.5029e-15 -0.00763616 -1.05505e-14 5.6185e-16
0.000182898 -2.87482e-15 8.44683e-16 0.000181964 -9.83017e-15 2.65408e-15
0.00282238 5.35791e-16 3.56939e-16 0.00285447 -1.03757e-15 -2.87602e-16
-5.1838e-05 2.25757e-15 -7.6846e-16 -5.19497e-05 7.91042e-15 -2.84071e-15
0.0150607 -3.35591e-15 2.63294e-15 0.0151357 -5.09251e-15 2.04781e-15
0.000465176 1.49985e-15 -2.70371e-17 0.000461195 5.30813e-15 -3.40627e-16
0.0070228 -4.2355e-15 1.7727e-15 0.00709151 -7.64935e-15 3.2208e-15
-0.00997533 2.90547e-15 -8.25187e-16 -0.0100776 -3.41651e-16 7.6659e-16
-0.00983205 5.04222e-15 -1.89581e-15 -0.00990545 8.96522e-15 -2.4686e-15
-0.0113453 5.14493e-15 -2.48791e-15 -0.0114571 7.57305e-15 -3.43143e-15
-0.00580287 3.17948e-15 -1.6184e-15 -0.00586659 6.09696e-15 -2.4245e-15
-0.00278869 -1.03676e-16 -5.30627e-16 -0.00276723 -1.43038e-15 -2.93507e-16
0.00717785 -2.64559e-16 2.3921e-15 0.00720298 1.93734e-16 3.22682e-15
0.00554999 2.4039e-15 1.35719e-15 0.00550177 8.43523e-15 3.02015e-15
-0.012155 1.67686e-15 -2.1329e-15 -0.0122423 7.49421e-15 -2.39401e-15
-0.00892501 -1.3724e-15 -1.46476e-15 -0.00895443 -4.29064e-15 -1.82108e-15
-0.0105498 -2.18568e-15 -1.51844e-15 -0.0105201 -7.22894e-15 -1.20245e-16
0.00686974 2.71206e-15 1.94663e-15 0.00683564 8.15414e-15 1.87064e-15
-0.000902099 1.43264e-15 3.14257e-16 -0.00091237 5.51687e-15 2.34369e-15
-0.00774732 5.88183e-16 -1.01179e-15 -0.00779694 3.49406e-15 1.94499e-15
0.0101201 5.28871e-16 2.22809e-15 0.0100312 -1.82278e-15 3.3013e-15
0.00803969 -3.12236e-17 2.80562e-17 0.00810912 6.50359e-16 6.11481e-16
-0.00937764 2.72004e-16 -4.46902e-18 -0.00931007 1.05617e-16 -8.87448e-16
-0.00433849 -3.20008e-16 3.13837e-16 -0.00430331 -2.06929e-15 1.08176e-15
-0.00244143 2.38766e-16 -1.58252e-16 -0.0024288 6.67373e-16 -9.15937e-16
-0.00338286 -3.33317e-16 2.82658e-16 -0.00337336 -3.81748e-15 -4.97188e-16
0.00159498 2.41085e-16 -1.99025e-16 0.00160029 1.2482e-16 2.43466e-16
0.0107537 1.21485e-15 -2.77088e-15 0.0108734 6.51638e-16 -3.21665e-15
0.0130873 2.17257e-15 -4.27183e-15 0.0130709 1.46388e-15 -4.28543e-15
-0.00528552 -7.80552e-16 1.75329e-15 -0.00523891 1.84286e-16 1.55791e-15
-0.00677287 -1.52317e-15 2.36544e-15 -0.00680924 2.16669e-16 1.68901e-15
0.00967154 3.20927e-15 -4.72601e-15 0.0097801 1.82049e-15 -4.4727e-15
-0.00583755 -2.81578e-15 2.92483e-15 -0.00578704 -4.74685e-15 2.33488e-15
0.00657848 1.86245e-15 -3.62836e-15 0.0066345 4.57142e-15 -3.18271e-15
0.0132734 1.23074e-15 -6.56634e-15 0.0134138 3.26695e-15 -6.96901e-15
0.0105776 1.41472e-15 -4.73462e-15 0.010576 5.03085e-15 -4.2798e-15
-0.00254789 6.08753e-16 6.63742e-16 -0.00257677 2.58861e-15 2.98387e-16
-0.00596319 9.34237e-17 1.0388e-15 -0.00596987 -3.17906e-15 1.45712e-15
0.00576228 -2.79745e-16 -7.67407e-16 0.00573429 5.04811e-15 -3.00725e-15
0.00130038 1.51031e-15 -4.15919e-16 0.00129065 5.55104e-15 -1.33087e-15
0.00494119 -3.96976e-15 7.17499e-16 0.00489463 -8.3781e-15 1.68982e-15
-0.00569004 2.23039e-15 -2.40076e-15 -0.005648 5.51898e-15 -2.21507e-15
-0.00654808 -6.41822e-16 -2.96169e-15 -0.00658171 -4.11397e-15 -2.7428e-15
-0.00442133 -6.24421e-16 -2.27473e-15 -0.00445602 -3.64731e-15 -2.63214e-15
-0.0062351 -1.62311e-15 -3.38696e-15 -0.00618589 -6.37377e-15 -2.74243e-15
-0.000728364 -1.45908e-15 -2.97703e-16 -0.000721761 -4.24094e-15 1.20747e-15
-0.00233504 1.38247e-15 -9.69008e-16 -0.00235293 2.30797e-15 -4.58512e-16
-0.00556175 1.3953e-15 -2.01757e-15 -0.00553846 -1.37475e-15 -2.66891e-15
-0.00815584 4.71147e-15 -1.45398e-16 -0.00823526 4.29624e-15 5.99307e-17
-0.00589081 2.14979e-15 1.11941e-15 -0.00583658 6.92639e-16 1.12522e-15
0.00641992 -3.26956e-15 -1.78698e-15 0.00641362 -3.99436e-15 -1.50425e-15
-0.00960871 4.15085e-15 3.49816e-15 -0.0096917 4.3357e-15 1.97681e-15
0.00561983 -2.16708e-15 -2.58908e-15 0.00562948 -1.76572e-15 -4.4116e-15
0.0108036 -5.64918e-15 -5.34034e-15 0.0107309 -9.97487e-15 -5.43504e-15
0.013048 -2.82973e-15 -7.97312e-15 0.0131983 -4.18434e-15 -8.28163e-15
-0.00456009 1.46025e-15 2.55544e-15 -0.00458573 3.09192e-15 8.89495e-16
0.00597913 -2.45724e-15 -3.61362e-15 0.00593208 -5.54012e-15 -3.29151e-15
0.00166865 1.69139e-15 -8.28723e-16 0.00166271 4.59278e-15 -2.41766e-15
0.00337248 6.54859e-16 -7.37776e-16 0.00341014 -2.1118e-15 -3.14584e-15
-0.0100614 -1.87654e-15 -5.06629e-16 -0.00997602 2.5032e-15 -1.06308e-15
-0.00609834 -1.99753e-15 9.80397e-17 -0.0061122 -2.96065e-15 2.31858e-15
0.00691467 4.39212e-16 2.83541e-15 0.00695352 -2.00998e-16 -6.79801e-16
0.0150882 4.50241e-15 6.88419e-15 0.0149534 3.85765e-15 2.91404e-15
0.00602915 2.02439e-15 3.57468e-15 0.00605982 3.28399e-15 3.91498e-15
-0.000702523 3.43041e-16 2.45248e-15 -0.000700365 2.01682e-15 8.08633e-15
-0.00880233 -3.17897e-15 -6.62127e-15 -0.00874608 -3.23776e-15 -1.29935e-14
-0.00267269 -3.76058e-16 1.00591e-15 -0.00268968 9.57592e-16 6.03547e-15
0.000800003 -4.03127e-17 -2.11205e-15 0.000801444 1.76095e-17 -7.88667e-15
0.00568042 -1.1299e-16 -2.91056e-15 0.00563055 -1.86938e-15 -8.87269e-15
7.94971e-05 6.77748e-16 2.29935e-15 7.95968e-05 2.11489e-15 7.90632e-15
0.00590919 5.05403e-16 -3.06856e-16 0.00597635 1.24745e-15 -6.53033e-16
0.000422594 -6.18144e-16 -2.83819e-15 0.000422608 -2.61435e-15 -9.22452e-15
0.0119249 2.96475e-15 -5.49707e-15 0.0120156 9.34771e-16 -9.68944e-15
-0.0063038 -1.94726e-15 3.39391e-15 -0.00629135 -1.99006e-15 6.64775e-15
-0.00492493 -1.28104e-15 6.31549e-16 -0.00489147 -5.16631e-16 -2.4372e-15
0.0145455 3.81188e-15 -5.18907e-15 0.0146278 5.16769e-15 -9.9454e-16
-0.00103571 -7.57953e-16 1.08359e-15 -0.00102717 -3.13796e-15 1.41313e-15
-0.00642894 -9.97496e-16 2.28049e-15 -0.00650025 -3.54102e-15 -4.4447e-16
-0.00757746 -2.03992e-15 2.33425e-15 -0.00766553 -4.39224e-15 -4.90123e-16
0.00434851 -4.85437e-16 -3.2864e-15 0.0043302 -4.3035e-15 -6.6956e-15
-0.00579283 2.04728e-17 2.70897e-15 -0.00574309 4.79673e-15 3.4716e-15
0.0153434 3.5525e-15 -6.13999e-15 0.0152218 -8.67242e-16 -8.41678e-15
-0.0078956 -5.15955e-15 6.2523e-16 -0.00782227 -9.28719e-15 -2.54644e-15
-0.00540272 1.5655e-15 1.84367e-15 -0.00536262 6.93497e-15 5.8109e-15
-0.00452617 -2.5966e-15 -4.64394e-16 -0.0045313 -7.4552e-15 -9.01209e-16
0.0022966 -3.98939e-16 2.07001e-16 0.00232249 -2.3314e-15 6.18663e-16
0.00759228 -3.99571e-16 3.37114e-16 0.00767806 -3.47206e-15 5.24871e-16
0.00754018 2.76439e-15 4.83826e-15 0.00748613 7.43063e-15 1.07485e-14
0.013864 -5.14075e-16 2.21905e-15 0.0137989 -3.72377e-15 -2.54392e-15
-0.0114362 -1.11376e-16 -3.80037e-15 -0.0115679 2.64853e-15 -2.80254e-15
-0.0110662 -4.17744e-15 -6.1566e-15 -0.0111735 -7.91115e-15 -8.9635e-15
0.0109206 3.99424e-15 8.27827e-15 0.0108203 4.36473e-15 1.46567e-14
-0.00857266 -2.58778e-15 -3.23501e-15 -0.00851821 -2.28663e-15 8.69165e-16
0.0128634 -1.10074e-16 6.23845e-15 0.0130071 -1.74616e-15 6.16921e-15
-0.00637163 2.06595e-15 -4.21854e-15 -0.00631574 7.51971e-15 -7.28143e-15
-0.0137926 -2.53942e-15 -3.30836e-15 -0.0138823 -5.6773e-15 -4.84211e-16
0.000781099 2.47819e-15 -7.77094e-16 0.000775394 7.04876e-15 -1.47195e-15
0.0116304 5.3658e-15 -4.56354e-16 0.0115936 9.0313e-15 -4.10081e-15
0.0036558 3.33898e-15 -6.53395e-16 0.00362686 8.39085e-15 -2.76206e-15
-0.00720106 -7.70907e-16 -2.20617e-16 -0.00718401 3.53848e-15 -6.35166e-16
0.00112581 1.47838e-15 -2.11185e-16 0.00112579 3.28651e-15 -9.9186e-16
0.0100828 -1.52096e-16 -7.45607e-17 0.00998859 -2.02888e-16 -8.23824e-16
-0.00252607 2.68304e-16 -6.4249e-18 -0.00251758 2.17324e-15 3.27656e-16
-0.000974289 -1.25012e-16 5.802e-17 -0.000983265 -1.81508e-17 4.63916e-16
0.0150575 1.274e-15 -1.71824e-15 0.0149525 3.10628e-15 -1.99386e-15
-0.00181804 -4.15119e-16 8.75344e-17 -0.00180165 -4.23964e-16 -7.00178e-16
-0.0136223 -2.8706e-15 4.27756e-15 -0.0134968 -1.99005e-15 4.34581e-15
0.0116066 4.73054e-15 -4.65305e-15 0.011585 3.86018e-15 -4.70426e-15
-0.00353163 -1.682e-15 8.21041e-16 -0.00355916 -3.3494e-15 -2.65231e-15
-0.00488222 -1.2263e-15 1.57949e-15 -0.00486181 9.23378e-16 -1.4452e-16
-0.00637299 -3.53992e-15 3.46512e-16 -0.00640786 -5.07117e-15 -1.69042e-15
-0.00162684 -1.91275e-15 3.2035e-17 -0.00161974 -3.94135e-15 6.31314e-16
-0.00249057 -1.59554e-15 8.076e-17 -0.00250099 -3.78831e-15 -2.76209e-16
0.00216805 -2.5684e-16 -5.34238e-16 0.00218714 -2.5951e-15 -2.5601e-15
-0.00689095 -4.49678e-15 4.98827e-16 -0.00691444 -8.18339e-15 -2.07221e-15
0.00481807 3.06778e-15 -1.1234e-15 0.00485661 5.61742e-15 -9.54221e-16
0.00474402 5.30492e-15 -6.86601e-16 0.00470016 1.29136e-14 1.27753e-15
0.000375126 3.78116e-15 4.602e-16 0.000371959 1.22784e-14 2.26342e-15
-0.00237286 -1.78045e-15 -3.51255e-16 -0.00235076 -6.00208e-15 -1.80779e-15
-0.0113258 1.98384e-15 -1.87367e-16 -0.0112227 -1.03162e-15 -2.84835e-15
0.000271939 1.39173e-15 4.81861e-16 0.000272089 5.82607e-15 9.18231e-16
0.0148602 -9.37278e-15 -4.4217e-15 0.0147443 -1.12643e-14 -6.47147e-15
0.00768096 -3.5301e-15 -2.98711e-15 0.00775831 6.44898e-16 -6.31817e-15
0.00617502 -2.53043e-15 -4.20954e-15 0.00612023 9.40167e-17 -6.28327e-15
-0.00774185 5.51573e-15 1.20108e-15 -0.00771605 6.42721e-15 -3.13095e-15
-0.00951744 3.19378e-15 3.84669e-15 -0.00952957 -2.4135e-15 6.39116e-15
-0.00143595 -2.73984e-15 9.77712e-16 -0.00142639 -8.5811e-15 3.15986e-15
-0.00414667 -3.09984e-15 2.15419e-16 -0.00411561 -8.8672e-15 1.68067e-15
-0.0113758 -7.83785e-16 -3.19881e-15 -0.0115031 1.78381e-15 -6.41727e-15
0.00259685 1.35628e-15 -8.80949e-17 0.00260108 1.46848e-15 -3.78581e-15
0.00171823 2.47773e-15 7.10623e-16 0.00171121 6.75549e-15 1.64658e-15
-0.0150088 -8.6454e-15 -6.63848e-15 -0.015122 -1.15324e-14 -4.673e-15
-0.00322775 -1.06181e-15 -3.27457e-15 -0.00321202 7.07321e-16 -4.56258e-15
-0.00778777 -5.16191e-15 -4.35569e-15 -0.00779869 -6.54871e-15 -4.0784e-15
-0.00549115 -1.52763e-15 -5.08807e-15 -0.00551582 2.63857e-15 -9.84601e-15
-0.00347947 -3.07423e-15 1.49343e-15 -0.00344653 -5.79162e-15 7.87716e-15
0.00833874 3.3963e-15 4.22217e-15 0.00843142 2.25362e-15 5.80787e-15
0.00993201 6.52613e-15 3.14043e-16 0.00984354 1.04314e-14 -7.47556e-15
-0.00212871 -2.49963e-15 2.94803e-15 -0.00210896 -5.48513e-15 1.10669e-14
-0.00201516 -9.50065e-17 -1.58691e-15 -0.00203685 2.68818e-15 -5.42558e-15
-0.00447063 7.18608e-16 -4.8501e-15 -0.00443145 5.95655e-15 -1.68978e-14
0.000440405 -4.89956e-16 1.63357e-15 0.000443905 -2.20621e-15 6.71188e-15
0.000448634 2.632e-15 -4.4871e-15 0.000444543 7.96641e-15 -1.45296e-14
0.00133254 -1.93324e-15 4.22882e-15 0.00132401 -7.32436e-15 1.08304e-14
-0.00654926 -1.75743e-15 3.8086e-15 -0.00652548 -5.42231e-15 1.1947e-14
-0.0100808 -1.67458e-15 5.80127e-15 -0.00999769 -4.75891e-15 1.36866e-14
0.00450143 1.54104e-15 -4.72758e-15 0.00450949 5.32357e-15 -1.35661e-14
-0.00970275 2.98757e-15 2.37727e-15 -0.00979857 6.42819e-15 -3.04637e-15
0.00413285 -2.3719e-15 -1.0809e-15 0.00417675 -5.38395e-15 2.40138e-15
-0.0072064 2.85979e-15 5.51436e-15 -0.0071554 3.29199e-15 8.83781e-15
0.00106309 -1.4335e-16 -3.19144e-15 0.00106867 6.26637e-16 -9.85737e-15
-0.0083481 3.69065e-15 3.08914e-15 -0.00829408 1.77231e-15 -1.06112e-15
0.00526907 -3.54757e-15 -1.16052e-15 0.00532313 -5.56937e-15 4.71427e-15
0.00385839 -1.34795e-15 -1.26776e-15 0.00382349 9.53615e-16 6.84005e-16
-0.00925777 4.31571e-15 6.10392e-15 -0.00928873 -7.97846e-18 1.14067e-14
0.000299848 1.60147e-15 -2.62062e-15 0.000301208 5.84015e-15 -9.40574e-15
0.00699732 -2.91968e-15 -1.14009e-15 0.00701053 -1.28169e-15 -1.96139e-16
0.00757006 -1.0209e-15 -3.80267e-15 0.00756286 4.24857e-15 -1.16815e-14
0.01481 -2.30969e-15 2.25309e-18 0.0149091 1.27165e-15 -6.07692e-15
-0.0013966 -2.76655e-15 1.92155e-15 -0.00139919 -8.35804e-15 8.55892e-15
0.00812784 3.68562e-15 2.92402e-16 0.00805446 7.53056e-15 -9.67008e-15
-0.00249616 -8.89167e-16 2.4048e-15 -0.00248084 -9.19071e-16 1.16616e-14
0.00995827 5.33776e-15 5.74256e-15 0.0100711 1.22736e-14 4.57983e-15
0.0111861 6.32374e-15 9.83978e-15 0.0111162 9.9188e-15 1.95526e-14
-0.00164323 1.43755e-15 5.6302e-16 -0.00164917 7.63096e-15 4.57851e-15
-0.00945625 -6.96898e-15 -7.16041e-16 -0.00956604 -1.11056e-14 3.53658e-15
-0.0145399 -1.14945e-14 -4.38332e-15 -0.0144079 -1.84217e-14 -9.15146e-15
0.00190926 2.25303e-15 3.078e-15 0.00191154 5.31945e-15 1.02516e-14
-0.00159054 -5.21748e-15 5.81584e-16 -0.00157623 -1.45231e-14 1.01547e-15
-0.00546296 -6.99503e-15 4.06718e-15 -0.00541811 -1.66075e-14 8.18441e-15
0.00634013 -2.06876e-15 -2.05979e-15 0.00629796 -1.16565e-14 7.76407e-16
-0.00224342 2.92468e-15 -2.5752e-15 -0.00223743 1.0078e-14 -1.2491e-14
0.00921235 -7.80587e-16 -8.15831e-15 0.00930396 -3.58766e-15 -1.43047e-14
-0.00315492 4.9981e-16 5.25059e-15 -0.00316642 6.09383e-16 1.62564e-14
0.0115409 -5.86195e-15 -3.70121e-15 0.0116359 -1.62903e-14 -1.03287e-15
-0.00251105 -1.81452e-15 7.8777e-16 -0.0025384 -8.96699e-15 2.93555e-17
-0.00879996 6.28559e-15 3.61762e-15 -0.0088849 1.37167e-14 8.71125e-15
-0.00478568 2.7768e-15 -3.94355e-15 -0.00476597 4.32945e-15 -1.54562e-14
0.0136092 -3.67628e-15 5.13099e-15 0.0135443 3.10146e-15 1.81068e-14
0.00474375 -7.86615e-15 -2.56985e-15 0.00472281 -1.96233e-14 -1.08437e-14
-0.0143553 1.31947e-14 1.13824e-15 -0.0142257 2.38641e-14 1.25488e-14
0.0119013 3.57849e-17 -1.66809e-16 0.01202 5.54865e-16 -1.25033e-15
-0.00207968 -7.36063e-18 5.33339e-17 -0.00206623 -8.6598e-16 -2.95909e-16
-0.00963458 1.95299e-15 3.273e-15 -0.00971462 -2.09419e-16 2.94462e-15
-0.00761848 3.67351e-15 2.95236e-15 -0.00767629 5.63544e-15 1.38005e-15
0.00576346 -3.63776e-15 -2.58166e-15 0.00576153 -5.81449e-15 -3.98004e-15
-0.00821557 5.61323e-15 3.01259e-15 -0.00817229 7.48963e-15 9.86299e-16
0.0143425 -9.18587e-15 -5.4665e-15 0.014263 -9.99366e-15 -6.66805e-15
-0.011587 6.75436e-15 4.07899e-15 -0.0116979 4.36827e-15 4.17403e-15
-0.0137101 7.72087e-15 4.14338e-15 -0.0138478 4.76863e-15 4.10775e-15
0.0138837 -8.17769e-15 -2.94665e-15 0.0137782 -6.91719e-15 -3.63425e-15
-0.00718624 4.99637e-15 7.73206e-16 -0.00712708 6.11706e-15 -1.40834e-16
0.00905177 -6.02952e-15 -6.51936e-16 0.00915429 -8.76582e-15 2.95264e-17
-0.0102117 -4.4861e-16 2.95993e-15 -0.0101169 -8.03519e-15 3.43022e-15
0.0082922 -4.8182e-15 -1.95905e-15 0.00823618 -1.16481e-14 -2.16063e-15
0.00760218 1.90598e-15 -3.00947e-15 0.00753644 1.12575e-14 -4.07444e-15
-0.00130267 2.57453e-15 -1.88238e-16 -0.00130108 9.99769e-15 -1.21851e-15
-0.008677 -2.69959e-15 3.01944e-15 -0.00860846 -9.98336e-15 3.46882e-15
-0.00985688 -7.27316e-16 2.96416e-15 -0.00992391 -4.34915e-15 3.73914e-15
-0.0107247 2.12197e-15 1.87054e-15 -0.0107837 7.34175e-15 9.23202e-16
-0.0119929 -8.46452e-16 1.45444e-15 -0.0121269 -2.46988e-15 6.45851e-16
-0.0110143 -2.23162e-15 1.78501e-15 -0.0111337 -6.75131e-15 1.09413e-15
0.0121063 4.54641e-15 -3.21615e-15 0.0120537 7.10198e-15 -4.31147e-15
0.00488813 2.00982e-15 -1.35816e-15 0.00487296 2.28342e-15 -2.97201e-15
-0.00982925 -2.666e-15 1.23873e-15 -0.00982946 -1.61168e-15 1.51974e-15
-0.00886336 -4.38269e-15 -3.13882e-16 -0.00881035 -8.8099e-15 -3.67396e-15
-0.0132951 -6.75168e-16 3.64672e-15 -0.0131726 3.30806e-15 8.21584e-15
-0.0106858 -2.18421e-15 1.86649e-15 -0.010791 -6.68381e-15 -1.31223e-15
-0.00734586 2.22534e-15 4.12253e-15 -0.00732077 8.85215e-15 6.87568e-15
0.00411758 1.67806e-15 -2.80331e-16 0.00415951 4.48583e-15 1.03184e-15
0.0108618 4.35257e-15 -9.47594e-16 0.010963 5.36473e-15 9.21902e-16
-0.0120348 -5.40017e-16 3.71595e-15 -0.012004 6.34006e-15 8.94039e-15
-0.00919295 -1.28642e-15 1.9772e-15 -0.00929453 1.02962e-15 3.29147e-15
0.00795441 -7.50076e-16 -4.06535e-15 0.0078975 -6.91151e-15 -1.03167e-14
0.0115837 1.82262e-15 -2.62997e-15 0.0116722 2.69766e-15 -8.73604e-16
-0.00607149 -1.00348e-15 9.41442e-16 -0.00608682 -1.54048e-15 -1.8862e-15
-0.0148827 -1.03055e-15 5.9375e-15 -0.014747 1.49451e-15 1.02303e-14
0.0120925 1.5029e-15 -3.39324e-15 0.0122323 -1.20522e-15 -5.92713e-15
-0.01256 -2.60543e-15 1.417e-15 -0.0125052 -6.30392e-16 -1.81472e-16
0.000859806 2.09319e-15 6.40125e-16 0.000867143 8.44609e-15 2.06686e-15
0.00799228 -1.0034e-16 -1.80126e-15 0.00805734 -6.0829e-15 -4.21311e-15
0.00404583 3.04601e-15 -9.51349e-16 0.00400814 8.66217e-15 -2.95531e-15
0.00977608 3.33956e-15 -1.20623e-15 0.00984044 9.92929e-15 9.35093e-16
0.00192822 -2.87471e-15 -1.23785e-15 0.00191199 -9.36541e-15 -2.74154e-15
0.00995698 2.9656e-15 -1.79079e-15 0.0100714 3.61315e-15 -1.76475e-17
-0.00374294 2.0122e-15 1.19619e-15 -0.00374097 9.16842e-15 2.75866e-15
0.0137142 3.33111e-16 -2.00135e-15 0.0138268 -4.07807e-15 -3.91988e-15
-0.0108698 -4.5748e-15 -8.16342e-16 -0.0107839 -1.17879e-14 -8.31084e-15
0.00782613 4.60304e-15 -8.58278e-17 0.00776205 1.21935e-14 4.55335e-15
0.0116925 5.4018e-15 -1.03334e-15 0.011659 1.11513e-14 2.30117e-15
0.00219585 -1.57477e-15 -1.39483e-15 0.00221733 -7.76026e-15 -4.37555e-15
0.00211932 -1.53229e-15 -3.95459e-16 0.00214117 -8.42789e-15 4.42627e-16
0.00181316 -2.3833e-15 2.29098e-16 0.00181104 -9.04179e-15 2.24396e-15
0.0144159 4.83506e-15 8.56017e-17 0.0145679 1.2379e-14 1.69262e-15
0.012843 1.66164e-15 6.27405e-16 0.012825 3.496e-16 3.94257e-15
0.0130766 2.12738e-15 -1.53334e-15 0.0131228 1.71888e-15 -4.86559e-15
-0.0130524 6.79991e-16 2.40746e-15 -0.0129445 1.10434e-14 3.28578e-15
0.0125451 -1.71411e-16 -5.29692e-15 0.0126342 -9.39203e-15 -7.44218e-15
-0.0134351 -6.45184e-15 4.38713e-15 -0.0135031 -1.67621e-14 4.11678e-15
0.0144212 -1.82832e-15 -7.14667e-15 0.0144266 -1.07713e-14 -7.86177e-15
-0.00656222 -7.51266e-15 2.19478e-15 -0.00650316 -2.08876e-14 -7.79244e-18
-0.00303182 -6.70484e-15 3.55638e-16 -0.00301219 -2.07554e-14 -1.86872e-15
0.00763921 5.21225e-15 -3.30804e-15 0.0076668 1.38912e-14 -7.41627e-16
-0.00197131 -6.21907e-15 -4.10073e-16 -0.0019591 -2.02994e-14 -4.45451e-15
-0.00547093 -3.00299e-15 1.78333e-15 -0.0055081 -6.90336e-15 -1.31701e-15
-0.00795867 6.64177e-17 3.6501e-15 -0.00801196 4.90158e-15 7.5558e-15
-0.01082 3.48949e-15 4.5044e-15 -0.010798 1.67706e-14 6.44529e-15
0.00255745 -3.22271e-15 -2.02493e-15 0.00254677 -1.19829e-14 -5.34893e-15
-0.0110931 -6.95417e-15 -1.07021e-15 -0.0110005 -1.51485e-14 -3.63274e-15
0.0100932 -2.97581e-16 7.18259e-16 0.0100391 -7.60428e-15 -1.38448e-15
-0.011976 -3.98346e-15 -4.15508e-15 -0.0119828 -8.43766e-15 -3.81705e-15
0.00685108 2.52711e-15 3.93623e-15 0.00681146 6.50784e-15 4.99185e-15
0.00473109 -2.05588e-15 2.26473e-15 0.00478094 -1.09915e-14 1.20184e-15
-0.00740934 -3.40133e-15 -3.98935e-15 -0.00734249 -8.10685e-15 -2.67621e-15
-0.00990197 1.42659e-15 -6.14203e-15 -0.00997761 1.04654e-14 -5.48518e-15
-0.00754957 -4.5541e-15 -2.36113e-15 -0.00754684 -1.20061e-14 -1.12149e-15
0.00259254 8.33135e-16 6.25504e-16 0.0026159 1.64228e-15 1.51356e-16
-0.0136552 4.94749e-15 -2.50785e-15 -0.0135299 2.03476e-14 -1.17552e-15
-0.0109355 1.99852e-15 -1.09083e-15 -0.0109609 1.18823e-14 -1.89501e-15
0.0141076 6.13763e-15 1.50868e-15 0.0142075 1.56032e-14 4.74027e-15
0.0108434 7.82894e-15 1.2826e-15 0.0108443 2.22819e-14 2.23091e-15
-0.0084248 2.00846e-16 -5.72796e-17 -0.00843788 1.60555e-15 2.19641e-16
-0.00485776 -9.29642e-17 1.29476e-16 -0.00490951 5.05799e-17 -5.41372e-16
0.0122669 -1.43249e-15 1.25948e-15 0.0121536 -9.0139e-16 1.65791e-15
0.00165729 -5.58234e-16 1.58076e-16 0.00164739 -1.84881e-15 4.61999e-16
0.00745316 -5.19681e-15 3.33735e-15 0.00741434 -7.2714e-15 3.3284e-15
-0.00207357 3.81696e-16 -8.71831e-16 -0.00205626 -2.34706e-15 -8.71565e-16
0.0108833 -7.30344e-15 6.08082e-15 0.0108452 -9.10378e-15 6.63936e-15
0.000516699 1.24666e-16 3.633e-16 0.000515665 1.40657e-15 6.96904e-16
-0.00214045 -3.21587e-16 -8.3137e-16 -0.00214086 -2.4522e-15 9.59892e-16
-0.00696429 1.87639e-15 -2.77735e-15 -0.00704171 3.9462e-15 -2.78115e-15
0.000113609 -2.07818e-15 2.46313e-16 0.00011237 -5.36531e-15 1.00797e-15
-0.00973831 1.35187e-15 -2.22118e-15 -0.00972807 6.69066e-15 -1.02525e-15
-0.0105785 1.40377e-16 -1.6168e-15 -0.0106331 2.68745e-15 -2.06367e-15
-0.00959748 -3.6489e-15 3.13074e-16 -0.00969725 -3.34799e-15 4.08837e-16
0.00360249 8.25022e-16 -1.31474e-15 0.00357769 -2.1998e-15 -1.9749e-15
0.00158255 -2.05501e-16 -1.25097e-15 0.00157127 -2.65649e-15 -1.90098e-15
0.0109949 5.23393e-15 -6.82784e-15 0.0111015 5.0389e-15 -5.43387e-15
-0.00170982 -6.44194e-16 5.71175e-16 -0.00171272 4.20972e-16 -1.62071e-15
0.00240437 7.342e-16 -1.21294e-15 0.00241877 -5.76684e-16 -5.5955e-16
0.0101161 2.82089e-15 -5.99373e-15 0.0101774 4.55624e-15 -7.58236e-15
0.000950038 9.38905e-16 -9.82341e-16 0.000954176 3.21774e-15 -3.08019e-15
0.00176573 -7.01679e-17 -9.15111e-16 0.00175495 6.65089e-16 -1.92203e-15
-0.0119773 4.30982e-15 4.13093e-16 -0.0118887 6.40076e-15 -3.57624e-15
0.00753192 -4.107e-15 1.22187e-15 0.0075545 -6.55088e-15 5.82368e-15
-0.00847976 2.97261e-15 1.7386e-15 -0.0085019 -1.18559e-15 5.62315e-15
-0.00998108 6.58246e-15 -2.8301e-15 -0.00999327 9.29131e-15 -7.5826e-15
0.00122268 6.27875e-16 -2.1209e-15 0.00121218 3.47677e-15 -7.56348e-15
-0.00558048 2.92449e-15 -9.59101e-16 -0.00562804 -8.36903e-16 1.18821e-15
0.00118159 6.15861e-17 -8.01506e-16 0.00118325 2.16733e-15 -3.87847e-15
0.0149308 -7.61199e-15 4.56288e-15 0.0148187 -4.10152e-15 -8.65677e-16
0.0124662 -6.30781e-15 6.33268e-15 0.012599 -6.2917e-15 4.86946e-15
0.000810411 -2.5729e-15 3.30618e-15 0.000804147 -7.54601e-15 9.15238e-15
0.00590786 -4.46645e-15 6.38864e-15 0.00585614 -9.74441e-15 1.31317e-14
-0.00452833 4.93659e-16 -2.27413e-15 -0.00458022 -1.56983e-15 -1.53546e-15
-0.00823679 -6.23656e-16 -1.94545e-15 -0.00820462 -4.16248e-15 3.07243e-15
-0.00257864 1.91911e-16 -2.87322e-16 -0.0026014 -9.88538e-17 3.42708e-15
0.00976486 4.08499e-16 3.32781e-15 0.0098634 -1.81675e-15 3.7826e-15
0.00320274 -3.41006e-17 2.8905e-15 0.00317623 -1.17728e-15 8.71756e-15
-0.00866626 -4.3388e-15 -9.23309e-16 -0.00869182 -4.00842e-15 -3.41536e-15
-0.00521982 -4.54368e-15 2.12781e-15 -0.0052655 -8.82254e-15 2.8776e-15
0.00229137 -7.53605e-16 -1.27085e-15 0.00227673 -3.90462e-15 -1.85788e-15
0.0107262 5.80805e-15 -3.99518e-15 0.010814 4.55859e-15 -2.06817e-15
0.00355926 2.47534e-15 -2.57432e-15 0.00359322 4.06202e-15 -5.43669e-15
-0.00500985 -2.14273e-15 1.69272e-15 -0.0050519 -2.72117e-15 -1.57508e-16
-0.00648537 -4.25526e-15 3.70796e-15 -0.00642482 -1.11756e-14 3.3963e-15
-0.00138853 3.21243e-15 5.35536e-16 -0.00137656 1.06718e-14 1.60169e-16
0.000877523 -3.08198e-16 -1.31659e-15 0.000886874 -1.53838e-15 -3.10385e-15
0.000519706 2.95128e-15 -9.50571e-16 0.000514637 9.72573e-15 -3.65138e-15
-0.00787288 2.14945e-15 4.1167e-15 -0.00794598 2.16715e-15 6.16663e-15
-0.00402052 4.25862e-15 -5.1317e-16 -0.00399206 9.24777e-15 -3.03419e-15
-0.0104517 8.17667e-15 1.17776e-16 -0.0105098 1.36205e-14 -2.67136e-15
0.00691963 -5.87779e-15 1.00216e-15 0.0069982 -1.04261e-14 8.78288e-16
0.000398252 -1.73076e-15 -1.78576e-16 0.000402896 -5.50339e-15 -1.9022e-15
0.00564987 -2.22996e-15 7.62784e-16 0.00565273 -1.36597e-15 -2.05358e-15
-0.0117374 2.67223e-15 -4.95318e-15 -0.0118686 -9.21045e-16 -3.10769e-15
0.00774693 1.40007e-15 4.54555e-15 0.0078215 6.12289e-15 4.3676e-15
0.0122762 -8.82046e-16 6.77798e-15 0.0123314 -5.61229e-15 6.38468e-15
0.00420638 -1.32219e-15 9.84623e-16 0.00417604 -7.2221e-15 -1.23462e-15
-0.00152593 1.01025e-15 7.85336e-16 -0.00152922 2.913e-15 4.01659e-15
-0.00783129 -4.78315e-15 -3.72881e-15 -0.00786965 -6.61458e-15 -2.91769e-15
0.0067298 1.51492e-15 1.22973e-15 0.00668234 -4.41132e-15 -3.07155e-15
-0.0123077 -5.90493e-15 -3.65436e-15 -0.0122413 6.0674e-16 -2.92445e-15
-0.00817054 -8.07895e-15 -3.99321e-15 -0.00809521 -1.20869e-14 -6.44818e-15
0.00823936 3.93019e-15 6.85951e-16 0.00816599 5.16881e-16 1.24795e-15
0.00529545 2.33693e-15 -1.23852e-15 0.00529252 3.74552e-15 -2.80703e-15
0.00603468 1.03257e-15 -1.07898e-15 0.0060697 -1.08947e-15 -3.2867e-15
0.00521315 6.95127e-16 9.56582e-17 0.00516698 -5.61542e-16 1.68371e-15
0.00782791 5.38405e-16 -5.04777e-16 0.00775493 1.38566e-16 1.82381e-15
-0.00393439 1.40678e-15 3.57267e-15 -0.00390575 1.07353e-15 8.3568e-15
-0.000830587 5.22037e-16 2.23653e-15 -0.000825744 1.25087e-15 7.09957e-15
0.00507011 -3.23012e-15 -4.99434e-15 0.00505904 -4.85611e-15 -1.01176e-14
0.00457055 -3.17921e-15 -1.26734e-15 0.00455948 -3.40436e-15 3.09922e-15
-0.000523644 2.05815e-16 6.05735e-16 -0.00052763 3.69967e-16 1.17929e-15
-0.00952604 4.79687e-15 6.84453e-15 -0.00947073 4.66163e-15 1.1697e-14
0.0019831 -5.02376e-16 1.14353e-15 0.00200009 4.9383e-16 6.9246e-15
-0.0126038 4.04309e-15 1.2506e-15 -0.01259 1.7617e-15 -7.51051e-15
0.00522872 -1.58465e-15 -2.74112e-15 0.00527998 -2.67325e-15 -6.7187e-15
-0.000892256 -5.69673e-16 -4.09758e-15 -0.00088478 -2.26088e-15 -1.4414e-14
-0.00375073 -3.38551e-16 -2.4849e-15 -0.00375948 -1.43086e-15 -8.90232e-15
0.0119677 3.4899e-16 1.98363e-15 0.0120349 4.86967e-16 6.99076e-15
0.0120103 -1.2716e-18 -3.35258e-19 0.0119057 -5.50532e-16 1.79709e-16
-0.0096295 4.16861e-17 -7.49445e-17 -0.0097024 1.17041e-15 1.99493e-15
-0.00594687 2.97375e-17 -1.17279e-16 -0.00589778 8.33482e-16 -8.92492e-16
0.00900138 -5.90065e-16 8.08796e-16 0.00904687 7.18529e-16 1.14745e-16
-0.00134858 -2.06791e-16 -3.07299e-16 -0.00136032 -9.82994e-16 -1.14148e-15
-0.0129386 4.15813e-15 -3.53902e-15 -0.0128893 4.59502e-15 -2.01994e-15
-0.00536311 1.85044e-15 -2.00418e-15 -0.00537625 5.69987e-16 -2.91666e-15
-0.0114209 3.72236e-15 -3.94249e-15 -0.0115346 1.23867e-16 -4.29646e-15
0.00610178 -4.79669e-15 1.82605e-15 0.00612484 -1.04097e-14 1.72191e-15
0.00979465 -7.52534e-15 2.54006e-15 0.00975127 -1.19898e-14 3.49692e-15
0.001345 3.5335e-16 5.26927e-16 0.00135831 2.56507e-15 1.47893e-15
0.0104202 -7.84217e-15 1.70916e-15 0.0103888 -1.07812e-14 1.95079e-15
-0.00868536 2.68584e-15 -1.60729e-15 -0.00877212 -1.96592e-15 -1.48549e-15
-0.00932016 -2.85898e-16 -2.81037e-15 -0.00928709 -8.1082e-15 -5.88358e-15
-0.00678648 -1.28046e-15 -1.44158e-15 -0.00680609 -5.89129e-15 -1.37472e-15
-0.00767431 -3.25159e-15 -1.08843e-15 -0.00760189 -9.19555e-15 6.75688e-16
0.011882 2.12853e-15 1.91055e-15 0.0118074 7.79217e-15 3.31907e-15
0.00418391 2.70686e-15 6.37953e-16 0.00416798 8.41584e-15 3.74415e-16
0.00450771 2.41959e-15 8.77542e-16 0.00452257 6.58038e-15 -6.40748e-16
0.00304057 1.25172e-15 1.16989e-15 0.00301468 3.52015e-15 1.75783e-15
-0.00111878 -1.0246e-15 4.33433e-16 -0.00112585 -1.68856e-15 3.84059e-15
0.00782004 1.32225e-15 2.90644e-15 0.00789015 -1.68832e-15 5.18756e-15
-0.00724626 -1.97105e-15 -2.3444e-15 -0.00720082 -7.46306e-16 -3.60243e-15
0.00981333 2.88567e-15 3.1177e-15 0.0098509 5.22756e-16 6.5821e-15
0.00826059 1.94628e-15 2.36606e-15 0.00831623 -1.31543e-15 5.97578e-15
0.00697872 3.93236e-15 4.26559e-17 0.00699325 7.88526e-15 -2.94755e-15
-0.00833721 -3.27767e-15 -7.87289e-16 -0.00826569 -4.27256e-15 5.16141e-16
-0.00614134 -2.80923e-15 2.00009e-16 -0.00616676 -6.00277e-15 2.89848e-15
0.0126967 8.7222e-16 4.11016e-15 0.0128231 -3.46849e-16 7.19436e-15
0.00418947 1.43689e-15 1.27548e-16 0.00422699 4.70323e-15 -2.40584e-15
0.00808701 4.40483e-16 2.01467e-15 0.00815505 -2.26526e-16 1.93573e-15
-0.00157941 1.98983e-15 -1.42895e-15 -0.00156596 5.85027e-15 -4.65115e-15
0.00962805 1.2516e-15 1.28177e-15 0.00972796 2.87158e-16 2.94859e-16
0.00831318 5.08872e-15 1.00807e-15 0.00828901 1.02262e-14 -2.17345e-15
-0.0148241 -6.13593e-15 -2.90151e-15 -0.0148467 -9.95342e-15 4.34295e-16
0.0129764 5.48543e-16 2.68532e-15 0.0131114 -3.2058e-15 3.3394e-15
-0.00485507 6.89677e-16 -2.59346e-15 -0.00482837 3.53682e-15 -6.93926e-15
-0.0127405 -1.2704e-15 2.93017e-16 -0.012626 -6.90181e-16 6.24022e-15
0.00477712 1.97516e-15 2.31718e-15 0.004792 4.74769e-15 5.97498e-15
0.0116612 1.33398e-15 6.32063e-16 0.011581 -6.10923e-16 -3.36746e-15
-0.00760304 -2.30526e-15 -1.6083e-15 -0.00768698 -4.71669e-15 -9.68112e-17
0.00753452 -3.84631e-16 -5.64062e-17 0.00756464 -4.38972e-15 -3.04388e-15
0.00509154 4.69474e-16 1.24797e-15 0.00514797 -5.34488e-16 2.94187e-15
0.0127088 3.93703e-15 3.3388e-15 0.0127896 5.38545e-15 5.80424e-15
0.0133273 3.06061e-15 2.5441e-15 0.0134517 3.04049e-15 8.11304e-16
0.00887774 1.5322e-15 2.48284e-15 0.00895675 -6.3369e-16 2.66782e-15
0.00619858 2.96694e-15 2.21468e-15 0.00623601 6.7257e-15 3.13952e-15
0.00301688 3.06576e-15 2.19831e-15 0.00300582 8.11576e-15 5.22401e-15
-0.00841176 -3.85897e-15 -4.16879e-15 -0.00837656 -9.09133e-15 -9.32615e-15
0.00841139 2.43807e-15 2.77452e-15 0.00847677 6.14276e-15 6.7529e-15
0.00722817 2.22683e-15 1.29355e-15 0.00725424 7.3799e-15 2.41891e-15
-0.011899 -3.88772e-15 -2.51145e-15 -0.0118756 -7.24733e-15 -2.23852e-15
0.0147717 3.0979e-15 3.63041e-15 0.0148538 1.78456e-15 4.73702e-15
-0.00768378 -9.68877e-16 -2.34323e-15 -0.00769196 2.77487e-15 -2.17428e-15
0.0104443 1.51715e-15 3.48191e-15 0.0104423 -3.50726e-16 4.94623e-15
0.00998756 1.61214e-15 3.11871e-15 0.0100549 1.7125e-15 4.25632e-15
0.00697109 2.35215e-15 2.36504e-15 0.0069878 6.32808e-15 4.66578e-15
-0.00551218 1.81839e-16 8.92983e-17 -0.00554961 1.97123e-15 3.03985e-15
0.00977144 2.21833e-15 2.91187e-15 0.00983626 2.47807e-15 6.93585e-15
-0.000402361 1.53188e-16 1.14495e-15 -0.00040269 -1.61201e-15 3.04024e-15
0.0150804 3.68604e-15 4.04333e-15 0.0149454 2.62421e-15 4.97128e-15
0.0117512 2.74539e-15 2.79357e-15 0.0117399 1.58352e-15 2.13715e-15
0.0136262 2.85613e-15 4.23986e-15 0.0135367 2.60845e-15 6.18496e-15
-0.0134289 -2.03392e-15 -3.73218e-15 -0.0133409 -2.36566e-15 -5.59255e-15
-0.00797954 -2.15553e-15 -1.56254e-15 -0.00803082 -3.29165e-16 -4.61435e-17
0.000300629 -5.99611e-17 -1.42828e-15 0.0003038 -1.06327e-15 -5.05669e-15
-0.0137806 -1.48991e-15 -2.11706e-15 -0.0139313 -1.73859e-15 -6.99483e-16
0.00943754 1.74607e-15 6.3527e-15 0.00935193 2.47068e-15 1.41045e-14
-0.00230843 2.48025e-16 4.02201e-15 -0.00228797 1.08982e-15 1.54015e-14
0.00247097 5.5182e-16 -3.37856e-15 0.00246544 -1.40182e-15 -1.30028e-14
0.00981772 3.32412e-15 7.56615e-15 0.00973919 5.64623e-15 1.97893e-14
0.00604266 2.90543e-16 4.84431e-15 0.00604655 -9.51142e-16 1.29844e-14
-0.0113347 -1.48515e-15 -6.42053e-15 -0.0113257 -1.79235e-15 -1.58816e-14
0.00887539 1.79428e-15 1.15003e-15 0.00896516 6.9136e-15 -7.45504e-16
-0.00876268 -7.42568e-16 -6.8452e-15 -0.00869737 5.64575e-16 -1.7725e-14
0.0140541 3.98394e-15 -1.39282e-15 0.013986 6.77907e-15 -1.02015e-14
-0.00967438 -3.32062e-15 -2.40028e-15 -0.00978567 -3.79717e-15 -6.83853e-15
-0.0127136 -4.76297e-15 -1.01775e-15 -0.0127877 -6.4599e-15 3.56201e-15
-0.00951355 2.18076e-17 -2.25247e-15 -0.00954527 1.83338e-15 -3.05116e-15
-0.000498329 -2.64627e-16 -1.0124e-16 -0.000499369 -1.76478e-15 1.39466e-16
-0.00302653 -3.19898e-17 9.98532e-18 -0.00304978 -2.4507e-16 -6.16239e-16
-0.00337119 2.31271e-17 -1.90026e-17 -0.00337898 9.60292e-16 -4.06197e-16
-0.00334853 1.10584e-16 -1.54278e-16 -0.00337169 1.80128e-15 -3.22992e-15
0.00443111 -3.59211e-16 -6.63368e-16 0.0044381 4.12299e-16 -8.35734e-16
0.0116216 -3.38593e-15 -2.83008e-15 0.0115541 -4.32344e-15 -3.14996e-15
0.0100455 -3.4804e-15 -4.06709e-15 0.0101263 -2.84071e-15 -3.08071e-15
-0.00520926 2.58777e-15 2.61274e-15 -0.00518163 6.88107e-15 2.99978e-15
0.0023377 1.42215e-16 -9.88472e-16 0.00235418 3.16099e-15 -6.23505e-16
0.0137411 -8.8835e-16 -7.27726e-15 0.0136583 3.49737e-15 -6.79041e-15
-0.00559802 1.57943e-15 3.22177e-15 -0.0056474 2.53948e-15 4.59298e-15
0.00205927 -1.8257e-15 -1.10363e-15 0.00204156 -4.79302e-15 -1.02647e-15
-0.00805326 1.19302e-15 3.84717e-15 -0.00808516 -1.17068e-15 3.88152e-15
-0.00502226 1.81212e-15 2.13705e-15 -0.00506083 3.23165e-15 2.01615e-15
0.0125358 6.73104e-16 -3.53245e-15 0.0124814 7.97389e-15 -3.33148e-15
4.11684e-05 -2.4674e-15 -6.78592e-18 4.11923e-05 -8.5562e-15 -4.69901e-16
-0.0126762 1.04474e-15 -6.84613e-17 -0.0127654 -1.28569e-15 -1.17841e-15
-0.0112888 1.58886e-15 5.0716e-17 -0.01141 -2.27687e-16 1.16795e-15
0.00420819 -1.48466e-15 5.98738e-16 0.00425504 -2.48853e-15 1.78279e-15
-0.00193482 1.27945e-15 -1.03509e-16 -0.00193278 3.46235e-15 7.31905e-16
0.00427627 -2.36514e-16 1.57574e-15 0.00432349 1.41558e-15 1.52474e-15
0.000293272 -1.31943e-15 4.3051e-17 0.000291393 -3.28943e-15 -2.41158e-15
-0.00840428 6.09667e-16 -5.13849e-15 -0.00840457 -4.12987e-16 -6.10963e-15
-0.0136189 3.39002e-15 -7.91557e-15 -0.0135444 5.1161e-15 -7.36078e-15
0.00961945 -2.92907e-15 6.23825e-15 0.00969155 -4.88204e-15 7.94697e-15
0.00864419 -3.07148e-15 4.34228e-15 0.00856972 -3.94025e-15 3.16374e-15
0.00369443 -2.1161e-15 2.18237e-15 0.00368617 -5.82476e-15 2.31086e-15
0.0127674 -4.80312e-15 6.07038e-15 0.0126507 -5.75306e-15 5.3233e-15
0.00783209 -3.07581e-15 4.73123e-15 0.00787203 -4.0522e-15 8.32487e-15
-0.00279561 3.21319e-16 -1.0255e-16 -0.00280334 -1.49342e-15 3.30917e-15
-0.013975 2.68082e-15 -4.67062e-15 -0.0140733 1.06664e-15 -9.69215e-16
0.00576326 -6.37786e-16 1.30743e-15 0.00571329 -5.52467e-17 -6.8539e-16
0.00153165 3.25514e-16 -7.59566e-16 0.00152124 2.19654e-15 -1.98707e-15
0.00711497 -2.85292e-16 -1.32468e-15 0.00713192 1.6683e-15 -5.59951e-15
0.00608632 -2.11888e-15 1.78096e-15 0.00603678 -3.93788e-15 5.68968e-15
0.00594681 -1.63614e-15 8.06407e-16 0.00600916 -2.06121e-15 3.07196e-15
-0.00349277 3.86805e-16 9.48624e-16 -0.00352805 -9.08147e-16 4.49332e-15
0.0140359 -4.74958e-15 1.41468e-15 0.0141261 -2.82663e-15 -2.46345e-15
0.00753589 -2.06213e-15 1.44183e-15 0.00755991 -8.88129e-16 -9.68696e-16
-0.00162341 1.11525e-16 -4.5332e-16 -0.00164124 -9.02476e-16 1.6187e-16
-0.00111053 -1.10882e-15 2.34367e-15 -0.00110136 -3.35695e-15 8.41503e-15
0.00429948 -7.19989e-17 2.39867e-15 0.00434847 5.85188e-16 2.81234e-15
0.0144977 -1.3873e-15 6.1904e-15 0.0144097 -7.39503e-16 4.72511e-16
-0.000896269 -3.41995e-16 -8.18979e-16 -0.000903668 -4.25645e-15 -2.73798e-16
0.00682783 -2.55271e-15 6.11992e-15 0.00676613 -2.49291e-15 1.1413e-14
0.0123271 -5.30648e-15 7.43969e-15 0.0123531 -6.87276e-15 1.32919e-14
0.010786 -4.87295e-15 1.77118e-15 0.0106897 -6.94801e-15 -3.87877e-15
0.0151341 -6.32686e-15 2.63757e-15 0.0151116 -7.99684e-15 -3.13488e-15
-0.00313687 3.52838e-16 -9.82145e-16 -0.00315645 -2.20249e-15 -2.77295e-15
0.0113965 -4.77687e-15 1.36806e-15 0.0114785 -5.44256e-15 4.71892e-15
-0.00865572 2.66506e-15 2.14443e-15 -0.00874897 2.20639e-15 3.80417e-15
-0.00429847 3.74146e-16 7.65363e-16 -0.00431496 2.07511e-15 -9.51939e-16
0.0041753 -9.9035e-17 -6.17049e-16 0.00416114 2.45539e-16 -8.68668e-16
0.00551818 -8.57181e-16 -1.88597e-15 0.00554332 -2.38696e-15 -1.28128e-15
-0.00512895 1.28884e-15 2.62376e-15 -0.00508671 3.80429e-15 4.45607e-15
0.00654835 -5.99812e-16 -3.13659e-15 0.00660856 -1.21632e-15 -5.63671e-15
-0.00558132 -6.07591e-16 9.44244e-16 -0.00554045 -2.98351e-15 -1.87496e-15
-0.00655102 2.27921e-15 7.46224e-16 -0.00656241 2.11114e-15 1.9522e-15
-0.00502474 1.95096e-15 8.16887e-16 -0.00498681 2.66228e-15 2.04786e-15
-0.00677244 2.39405e-15 4.25457e-16 -0.00681281 2.77875e-15 1.60556e-15
0.00223204 -1.90313e-16 -4.42189e-16 0.00221493 2.45965e-16 5.62344e-16
-0.00329387 -2.05998e-16 1.17798e-15 -0.00332563 -6.52993e-16 1.41417e-15
0.000997893 8.03403e-17 -5.25385e-16 0.000989161 -6.13434e-16 -5.63551e-16
-0.00433025 6.4547e-16 1.01923e-15 -0.00435896 3.93104e-15 -1.07809e-15
-0.00386348 9.36012e-16 9.10914e-16 -0.00388617 3.09266e-15 6.17192e-16
-0.00707727 -1.52952e-16 8.13276e-16 -0.00707854 -3.61318e-15 5.90441e-16
0.00487767 -6.28831e-16 -1.68239e-16 0.00487975 1.36974e-15 8.96877e-16
0.00675788 -4.25686e-15 -2.06089e-16 0.00680673 -8.63452e-15 -1.22511e-15
-0.0141302 6.53268e-15 8.12375e-16 -0.0141724 6.66751e-15 5.61814e-16
0.00183665 -3.13133e-15 -2.05882e-16 0.00183543 -8.96037e-15 -3.59809e-16
-0.00869071 4.88581e-15 1.62364e-15 -0.00875045 5.87577e-15 1.73259e-15
0.000792461 7.40304e-16 -5.20257e-16 0.000798394 5.04983e-15 1.09472e-15
0.00365074 -3.68733e-15 -1.32789e-15 0.00367018 -7.97941e-15 -1.19132e-15
-0.00291041 2.10856e-15 1.08926e-15 -0.00294246 3.544e-15 1.66414e-16
0.000804376 -2.46006e-15 -2.24563e-16 0.000802858 -7.33677e-15 6.72721e-17
5.8073e-05 6.34032e-16 -3.38541e-16 5.8667e-05 2.95055e-15 -1.38323e-15
-0.0029061 1.11684e-15 9.78772e-16 -0.00293607 -9.2754e-16 4.3499e-16
0.00395729 -1.08567e-15 -1.47007e-16 0.00399383 -1.16523e-15 9.95906e-18
-0.010624 3.53643e-16 9.94485e-16 -0.0105492 -5.42495e-15 1.67293e-15
-0.0114375 -2.30124e-16 7.80807e-16 -0.0114979 -5.31196e-15 1.79399e-15
-0.0132927 2.0141e-15 6.3556e-16 -0.0134061 4.25383e-15 8.20749e-16
0.000447104 9.00628e-18 -3.29632e-17 0.000450423 -1.25269e-17 -5.83153e-17
-0.00285658 1.25383e-16 -1.44961e-16 -0.00287514 2.52815e-16 -1.67166e-15
-0.0129471 5.96935e-16 2.79153e-16 -0.0128673 4.13086e-16 -1.41776e-15
-0.0144851 2.23599e-15 1.98194e-15 -0.0144353 5.34257e-16 1.87435e-15
-0.00938228 2.51698e-15 2.37466e-15 -0.0093585 3.25338e-15 3.2295e-15
-0.0130431 3.65674e-15 3.34973e-15 -0.0129226 4.41458e-15 4.26119e-15
0.0137041 -4.83388e-15 -4.71325e-15 0.013713 -6.19498e-15 -6.48516e-15
0.00676158 -4.69669e-15 -2.31753e-15 0.00683771 -5.24373e-15 -2.43124e-15
-0.0119464 4.01198e-15 9.94717e-17 -0.0118355 2.91216e-15 1.41916e-15
-0.0122472 3.97565e-15 -1.29485e-15 -0.0121656 4.27192e-15 -2.0718e-15
-0.00661647 4.42201e-16 -3.47577e-16 -0.00661742 -2.32721e-15 7.11883e-16
-0.012583 1.44197e-15 -5.13851e-15 -0.0126813 3.15987e-15 -6.8569e-15
0.00981733 -1.17334e-15 4.67623e-15 0.00973744 -3.62921e-15 6.01563e-15
0.00529814 -9.56606e-17 2.00942e-15 0.00534643 -2.54422e-16 6.91275e-16
0.00818407 -3.16607e-17 4.82946e-15 0.0082625 -2.10437e-15 6.69824e-15
0.0136341 2.75731e-15 6.37511e-15 0.0135652 5.74971e-15 3.72702e-15
0.00926214 3.78309e-16 6.96331e-15 0.00917636 -2.46798e-15 1.02369e-14
-0.0056789 -1.62513e-15 -3.93811e-15 -0.00573229 1.00176e-16 -4.64799e-15
0.00992667 4.03096e-15 6.24905e-15 0.0100402 5.91673e-15 8.98436e-15
-0.0133375 -8.02592e-16 -4.84896e-15 -0.013443 2.88072e-15 -5.32711e-15
0.00695522 5.01908e-16 4.62967e-16 0.00696194 3.50112e-17 -3.04895e-15
-0.0135011 -2.56385e-16 -2.59215e-15 -0.0133802 4.71482e-16 -7.52151e-15
0.0119871 1.02341e-15 -3.75213e-15 0.0118993 9.64483e-16 -9.46611e-15
-0.0135787 -8.46248e-16 3.0416e-15 -0.0137211 6.76053e-16 3.22084e-15
0.00346017 3.53251e-18 -3.31525e-15 0.00342739 -8.31271e-16 -8.82225e-15
0.013626 2.36447e-15 -4.46878e-15 0.0137756 -2.48463e-16 -5.19154e-15
0.0132524 3.1028e-15 -5.32021e-15 0.013366 8.7597e-16 -6.16366e-15
-0.00448452 -2.30338e-15 1.92081e-15 -0.0045306 -3.64433e-15 2.66337e-15
-0.014075 -3.79322e-15 8.55521e-15 -0.0139508 -6.87932e-16 1.27169e-14
-0.0134118 -5.68586e-15 6.54727e-15 -0.0134846 -7.4186e-15 5.37284e-15
-0.0126396 -3.28629e-15 7.7795e-15 -0.0127639 -1.83711e-15 8.21969e-15
0.00436127 -4.83111e-16 -3.91899e-15 0.00431963 -4.04511e-15 -7.21573e-15
-0.0145462 -2.36949e-15 6.56091e-15 -0.0144565 -5.64702e-15 4.16174e-15
0.00726133 -1.18923e-15 -4.38152e-15 0.00723326 -4.51202e-15 -6.25388e-15
-0.00356471 9.27369e-16 2.05916e-15 -0.00356925 1.48394e-15 3.90787e-15
0.00516593 -1.73251e-15 -3.33404e-15 0.00518509 -4.70758e-15 -6.24518e-15
-0.0134658 2.74321e-15 5.61929e-15 -0.0136066 2.12248e-15 5.8732e-15
-0.00213338 1.04511e-15 1.33552e-15 -0.00213748 2.24089e-15 1.99274e-15
-0.011102 7.73775e-15 2.14804e-15 -0.0110333 9.10936e-15 3.84317e-15
0.00110277 -1.43614e-15 -8.46597e-16 0.00109493 -3.49197e-15 -2.70365e-15
-0.00695075 3.34314e-15 -7.91243e-16 -0.00690498 2.79892e-15 -3.22074e-15
-0.0127129 6.23937e-15 -7.12731e-16 -0.0126926 3.93754e-15 -1.96845e-15
0.0122023 -4.6556e-15 4.34133e-16 0.0122582 -3.48415e-15 1.04539e-16
-0.00893114 2.77783e-16 -2.63363e-15 -0.00899549 -5.81812e-16 -3.92826e-15
-0.00785617 -4.45784e-16 -3.35674e-15 -0.00792433 1.05779e-15 -3.76302e-15
-0.00713416 -1.88741e-16 -2.58408e-15 -0.00710014 3.36714e-15 -1.27668e-15
-0.00114767 -3.25288e-16 3.95714e-18 -0.00115872 1.23143e-16 1.29905e-15
0.0101773 4.78995e-15 6.47004e-15 0.0101287 7.26962e-15 1.0481e-14
-0.00485664 -1.63227e-15 -3.0344e-15 -0.00489207 -8.1446e-16 -3.82264e-15
-0.0129136 -6.79553e-15 -6.33398e-15 -0.0130456 -6.84056e-15 -3.68464e-15
0.0138911 9.10421e-15 9.49555e-15 0.0137637 1.14987e-14 1.20727e-14
-0.00177553 -8.58189e-16 -2.76267e-15 -0.00177742 -8.98995e-16 -6.56242e-15
-0.00817213 -4.07247e-15 -5.15328e-15 -0.00815701 -5.27148e-15 -7.9644e-15
-0.00993964 -3.41804e-15 -3.14364e-15 -0.0100094 -7.7839e-16 1.03764e-15
0.0152236 4.32892e-15 4.7529e-15 0.0151075 4.2525e-15 -2.19129e-15
-0.0120274 -2.46997e-15 -8.65249e-15 -0.0120362 -1.43389e-15 -1.54372e-14
0.00224286 8.5604e-16 4.05009e-16 0.00226684 1.79191e-15 -5.95688e-16
0.00770029 -8.17848e-16 3.88844e-15 0.00777146 -3.54812e-15 3.14379e-15
0.0132963 5.92442e-18 6.47739e-15 0.0134475 2.12406e-15 4.36494e-15
0.00927535 -1.55099e-15 2.17481e-15 0.0092315 -1.54214e-15 -4.30165e-15
0.00620064 -2.90241e-15 4.68082e-15 0.00625204 -4.29957e-15 9.88936e-15
-0.0134445 8.95326e-15 -2.06817e-17 -0.0135896 1.00303e-14 3.65657e-17
-0.010639 5.33243e-15 3.80305e-15 -0.0105549 4.62362e-15 1.19154e-14
-0.00752487 4.43652e-15 5.75943e-17 -0.00753237 6.40152e-15 -2.54489e-15
0.0107082 -3.26044e-15 -5.45742e-15 0.0107658 -1.78764e-15 -1.26685e-14
0.00931623 -1.93426e-15 -2.07254e-15 0.00941989 -2.49379e-15 2.09205e-15
0.00488636 2.97073e-16 -2.35366e-15 0.00485931 2.02384e-15 -3.23652e-15
-0.0123958 -2.27752e-16 4.53634e-15 -0.0124223 -1.25886e-15 1.7685e-15
0.00162818 1.11825e-15 -1.59472e-15 0.00161386 6.51775e-16 -5.04838e-15
0.00978045 1.51985e-15 -3.87628e-15 0.00982741 6.51985e-17 -7.27896e-16
0.0140929 5.3142e-15 -7.97632e-15 0.0139704 6.82577e-15 -8.28225e-15
0.0144722 4.79656e-15 -7.99266e-15 0.0143786 2.73377e-15 -7.92708e-15
0.00525432 2.81227e-15 -8.41331e-16 0.00528488 3.8036e-15 5.71511e-15
-0.00184097 -5.49954e-16 -3.53803e-16 -0.00185709 1.77468e-16 -5.65425e-15
0.00116019 7.87263e-16 -3.07434e-15 0.00115768 1.77846e-15 -9.41225e-15
0.0081488 5.29528e-15 -2.48224e-15 0.00813688 6.20267e-15 -5.71762e-16
-0.00730094 -3.91451e-15 -2.84789e-16 -0.0073648 -3.06827e-15 -5.10009e-15
-0.0130913 -5.39499e-15 4.4504e-15 -0.0129699 -5.34221e-15 1.21372e-14
-0.00406512 -7.2806e-16 9.19598e-16 -0.00409653 5.68894e-16 4.45481e-15
-0.0132182 -1.01322e-15 -5.26466e-16 -0.0132431 -2.64657e-15 5.9373e-15
0.00240706 -5.5709e-18 -9.9847e-19 0.00239104 -1.09772e-15 -7.9568e-16
0.0102971 6.64295e-17 8.96132e-17 0.0103615 1.07046e-16 -1.44555e-16
-0.00141591 -7.12389e-18 -2.44223e-17 -0.00143149 3.87945e-17 -6.45237e-16
-0.00521613 -2.63668e-18 -8.69006e-17 -0.00521114 1.71907e-16 -5.33147e-16
-0.00118217 2.60737e-16 -5.81799e-16 -0.00118124 1.27954e-15 -1.21897e-15
0.00628811 1.05652e-18 -2.58123e-16 0.00634852 -7.76999e-16 9.13364e-16
0.0152493 1.31856e-15 -3.72261e-15 0.0151668 -7.81419e-16 -1.08219e-15
-0.00189518 -1.16868e-15 1.66905e-15 -0.00190864 -3.18203e-15 4.25086e-15
0.0120448 3.20785e-15 -4.3576e-15 0.0120111 1.05344e-15 -3.28176e-15
0.00848525 1.50712e-15 -3.20626e-15 0.00840707 1.30405e-16 -5.93907e-16
-0.00588157 -1.00237e-15 3.72826e-15 -0.00594685 -6.06455e-16 4.65139e-15
-0.00642184 -2.27488e-15 5.45764e-15 -0.00637327 -6.34703e-15 9.44074e-15
0.00932408 2.1887e-15 -6.88811e-15 0.00925838 5.01419e-15 -1.24431e-14
0.00337257 1.09431e-15 -1.82971e-15 0.00340193 5.40017e-15 -3.12368e-15
-0.00510843 2.74402e-16 -2.30358e-16 -0.00506249 3.24106e-15 -3.08208e-15
0.00288432 1.78789e-15 -3.36731e-15 0.00286694 3.964e-15 -9.11422e-15
0.00699101 1.09149e-15 1.28711e-16 0.00692935 -1.46493e-15 5.17632e-15
-0.0103287 -2.05268e-15 1.48276e-15 -0.0103815 1.90624e-15 -1.15774e-15
-0.00246664 -5.84619e-16 -1.52549e-15 -0.00246137 -3.46216e-16 -6.00096e-15
0.00663435 3.98498e-16 -1.40887e-15 0.00665579 -1.68892e-15 -5.02876e-15
0.010109 2.28625e-15 -3.64211e-16 0.0102225 4.5413e-15 -2.4239e-15
-0.00363301 4.865e-16 -1.14305e-15 -0.00367464 3.88963e-15 -3.24239e-15
0.00549594 -6.94049e-16 3.96668e-16 0.00550327 -4.17159e-15 -5.72688e-16
0.000280735 -2.43081e-16 1.17456e-15 0.00028358 -8.20115e-16 4.11527e-15
-0.00523514 -2.51611e-15 -3.19886e-15 -0.00520066 -6.42959e-15 -3.50782e-15
-0.00463811 -1.41147e-15 -3.80528e-15 -0.00465219 -2.08274e-15 -5.78191e-15
0.00819534 5.42712e-16 5.48099e-15 0.00826424 1.40213e-15 8.99425e-15
-0.008796 -3.27738e-16 -3.38763e-15 -0.00875751 3.50919e-15 -2.68967e-15
-0.00680921 -5.03944e-16 -2.56452e-15 -0.00676503 2.65327e-15 -1.91834e-15
-0.00728317 -1.48761e-15 -1.99706e-15 -0.00731747 -5.72177e-16 2.40176e-16
-0.00277586 1.10545e-15 -1.6369e-15 -0.00275018 5.07361e-15 -4.55501e-15
0.000743865 1.91441e-15 -1.55985e-15 0.000736655 5.44807e-15 -5.61023e-15
0.00284384 1.17575e-15 -1.3187e-15 0.00285938 3.80876e-15 -5.2807e-15
0.0054176 -7.54606e-16 2.79461e-15 0.00536798 -5.44846e-15 8.30897e-15
0.00917084 1.7201e-15 3.64613e-15 0.0091363 -5.69742e-16 7.8221e-15
0.00642335 2.01223e-15 2.28238e-15 0.00647177 2.32528e-15 4.04759e-15
-0.00544322 4.68291e-17 -2.91757e-15 -0.0054671 3.93056e-15 -6.12053e-15
0.00461565 -1.95268e-16 3.23437e-15 0.00464103 -3.21926e-15 7.84255e-15
0.00219972 -9.26197e-16 2.39422e-15 0.00221077 -4.6797e-15 6.41332e-15
-0.00804865 -2.29295e-15 -1.98716e-15 -0.00811009 -5.93128e-15 8.36727e-16
0.00904631 6.48884e-16 3.06095e-15 0.00902183 -1.29818e-15 1.82404e-15
0.0038922 -3.92241e-16 1.8232e-15 0.00393582 -3.92147e-15 4.55805e-15
-0.0126859 -3.93358e-15 -2.38009e-15 -0.012697 -5.35609e-15 9.64667e-17
-0.00607261 8.33684e-16 -2.8314e-16 -0.00609134 7.07915e-15 2.72979e-15
0.00105346 -2.23004e-15 -2.45355e-16 0.00104663 -8.59364e-15 -1.08462e-15
0.00305878 3.88282e-15 8.07961e-16 0.00304653 1.13616e-14 1.39484e-15
-0.00691678 -4.65784e-15 -1.90263e-15 -0.0068602 -1.19609e-14 -3.54594e-15
-0.000596134 -1.34633e-15 -3.40244e-16 -0.000599616 -4.35831e-15 -9.08199e-16
-0.00450716 1.0488e-16 -1.18411e-15 -0.00454578 3.17439e-15 5.56563e-16
0.0125842 -1.67395e-15 3.10241e-15 0.0125159 -1.45456e-14 1.88162e-15
0.0132712 -2.29173e-15 3.42411e-15 0.0132085 -1.27965e-14 2.87772e-15
-0.00388565 -5.05671e-15 -1.62481e-15 -0.00385113 -1.32888e-14 -2.74024e-15
0.00425597 5.49034e-15 2.14123e-15 0.00421567 1.45869e-14 3.56488e-15
-0.0097841 -4.0548e-15 -3.26069e-15 -0.00974329 -6.82417e-15 -4.8564e-15
-0.00469707 -1.48149e-15 -4.17773e-16 -0.00472715 -2.75106e-15 9.38339e-16
-0.0146381 -3.71164e-15 -1.07442e-15 -0.0147902 -6.76834e-15 1.26512e-15
0.00574848 -1.29904e-15 3.40544e-16 0.00577758 -7.42174e-15 -1.43629e-17
-0.00282599 3.69995e-16 -1.01861e-15 -0.00280427 3.0426e-15 -1.61997e-15
0.00861363 4.01753e-15 4.17942e-16 0.00861045 8.6853e-15 -1.61567e-15
-0.00547283 -2.79883e-15 2.3397e-16 -0.00543194 -5.95896e-15 3.32316e-15
0.00983558 4.13678e-15 1.71408e-15 0.00975369 8.57548e-15 -1.25286e-15
0.0075122 4.30207e-16 3.53353e-15 0.00753578 -4.92077e-16 6.69913e-15
0.00639252 2.73705e-15 7.6649e-16 0.00644742 6.37852e-15 -5.94545e-16
-0.00104584 -1.96178e-15 1.24269e-15 -0.00104379 -6.69727e-15 4.23053e-15
0.00497259 2.64589e-15 -5.88613e-16 0.00499388 5.9497e-15 -2.77931e-15
0.0120354 4.78936e-15 -1.98222e-15 0.011961 1.13518e-14 -5.18117e-15
-0.0127047 -4.72727e-15 2.57246e-15 -0.012594 -1.13629e-14 4.96236e-15
0.00231119 -1.77835e-15 -3.60744e-16 0.00230136 -6.49843e-15 3.67104e-16
0.000299047 2.4652e-15 -2.91971e-16 0.000296976 7.68068e-15 8.92111e-16
0.0116215 1.48883e-15 -3.96047e-15 0.0116806 -2.53882e-15 -2.07603e-15
-0.0111549 -4.90212e-15 3.371e-15 -0.0110517 -1.12409e-14 -3.19756e-16
-0.00334733 -2.54879e-15 1.21666e-15 -0.00335551 -7.17442e-15 1.11035e-15
-0.00259074 -3.3948e-16 -2.39035e-15 -0.00257888 -2.15838e-16 -9.97934e-15
-0.0151112 -2.85355e-15 8.23335e-16 -0.0150994 -6.33661e-15 -1.63841e-15
0.00205107 -3.76081e-18 2.79083e-15 0.00203698 -7.58845e-16 9.76248e-15
-0.00554811 6.16784e-16 4.54096e-16 -0.00559816 4.66239e-15 1.18725e-15
-0.00150023 8.7224e-16 1.37924e-15 -0.00150635 4.23871e-15 3.90756e-15
0.0112812 4.5553e-15 1.04842e-15 0.0113523 7.95484e-15 7.42833e-15
-0.0109502 -8.94665e-16 4.6905e-16 -0.0109622 5.95952e-15 -1.90566e-15
0.011543 8.54108e-16 -6.26437e-16 0.0115027 -5.11015e-15 2.48606e-15
-0.00812988 1.92265e-17 1.37046e-17 -0.0081462 8.6839e-17 -1.7295e-16
-0.00134581 -2.34821e-16 -3.78108e-17 -0.00136154 -1.47453e-15 -1.3862e-15
-0.00552202 -1.76921e-16 2.11344e-16 -0.00548386 -1.20402e-15 1.10951e-15
-0.00272843 5.8595e-16 6.86866e-17 -0.00275911 6.24904e-16 -1.18976e-15
-0.00302574 5.81938e-16 1.84006e-16 -0.00304241 3.12048e-15 -6.37136e-16
-0.0095678 2.11713e-15 2.80185e-15 -0.00963271 3.05681e-16 2.36092e-15
0.00587547 -2.76171e-15 -2.05405e-15 0.00593822 -5.15496e-15 -1.8542e-15
-0.0145158 7.47067e-15 4.56794e-15 -0.0146732 8.56314e-15 4.55487e-15
0.0121606 -5.81167e-15 -2.59687e-15 0.0122549 -3.71024e-15 -1.52927e-15
-0.0085616 5.29476e-15 1.57798e-15 -0.00863546 6.48326e-15 1.49045e-15
0.0128619 -9.13735e-15 -2.55959e-15 0.0128635 -1.30962e-14 -3.50452e-15
0.00177543 4.48079e-17 1.7268e-16 0.00179109 1.34726e-15 1.04845e-15
0.00391144 -9.00095e-16 1.58862e-16 0.00391502 2.92105e-15 1.61421e-15
-0.0108334 7.23138e-15 1.46558e-15 -0.0109524 9.82846e-15 1.33695e-15
0.00934406 -5.74827e-15 -1.56701e-15 0.00942595 -7.08265e-15 -2.1835e-15
-0.0101255 4.9321e-15 1.90435e-15 -0.0101924 4.80945e-15 1.39168e-15
-0.013945 4.63736e-15 3.93346e-15 -0.0140022 3.69092e-15 1.51035e-15
-0.00562487 5.10981e-15 2.61495e-15 -0.00557278 1.38217e-14 3.8866e-15
-0.0129375 5.15686e-15 3.889e-15 -0.0128178 1.24377e-14 5.97614e-15
0.00707972 -7.30707e-16 -1.37792e-15 0.00715651 -1.72967e-15 -1.13413e-15
-0.0110221 3.44696e-15 1.72665e-15 -0.0109599 1.14891e-14 2.84474e-15
0.0132635 -1.82112e-15 -1.46288e-15 0.0134115 -5.45747e-15 -1.05927e-15
-0.00451342 3.03315e-15 1.26017e-15 -0.00453739 6.5963e-15 7.87705e-16
-0.00640548 1.84014e-15 5.19158e-16 -0.00634516 2.49394e-16 -1.6228e-15
-0.000559415 2.15364e-15 -2.15986e-15 -0.000555035 4.26718e-15 -8.09688e-15
0.00956881 -5.57672e-15 -7.50881e-16 0.0096249 -6.1185e-15 1.53086e-15
0.0134482 -1.08963e-14 3.51147e-16 0.0133908 -1.63222e-14 5.8837e-15
0.00256292 -3.2929e-15 1.65901e-15 0.00254706 -7.93669e-15 5.9784e-15
0.000149067 -2.7705e-15 2.06089e-15 0.000149067 -9.85257e-15 6.69487e-15
-0.0138304 6.81254e-15 3.56549e-15 -0.0139909 3.50118e-15 3.78467e-15
0.00189451 3.46997e-16 -1.46043e-15 0.00191404 3.9849e-15 -3.0171e-15
0.0135629 -3.85528e-15 -6.84437e-15 0.0134826 8.60555e-16 -1.35144e-14
-0.0134419 4.912e-15 -3.95141e-16 -0.0133221 1.2333e-14 -4.90952e-15
0.00856008 6.08113e-16 -3.07425e-15 0.00852473 2.11515e-15 -6.20094e-15
-0.00152962 9.11788e-16 -2.53439e-16 -0.00153276 3.18237e-15 -1.59102e-15
0.0143552 -2.19427e-15 -3.27526e-15 0.0142471 -1.80222e-15 -3.73006e-15
-0.013192 4.66559e-15 1.55692e-15 -0.0131701 8.58161e-15 2.67202e-16
-0.00838937 3.73925e-15 1.53741e-16 -0.00841522 6.54496e-15 -2.93295e-15
-0.0119143 3.86494e-15 1.80636e-15 -0.0118096 1.60578e-15 1.98975e-15
-0.0133024 6.39316e-15 1.40919e-15 -0.0133252 6.96555e-15 -5.97204e-16
-0.00445029 5.13765e-16 2.16487e-15 -0.00449478 -5.0538e-15 5.21122e-15
-0.00939184 3.55694e-15 3.09809e-15 -0.00932086 2.09319e-17 3.58997e-15
0.0120224 -1.07792e-14 -2.57154e-15 0.0119266 -1.62751e-14 -2.63909e-16
0.0140391 -1.31533e-14 -2.04178e-15 0.0139932 -2.15614e-14 4.50854e-15
0.00331393 1.31285e-15 -3.35353e-15 0.00328216 9.91509e-15 -8.72351e-15
-0.00248175 -2.67683e-15 2.7106e-15 -0.00246765 -1.16134e-14 8.1811e-15
0.0107765 2.02156e-15 -5.66966e-15 0.0106781 1.07782e-14 -1.38768e-14
0.00446525 -8.95238e-16 2.73646e-16 0.0044822 -3.08675e-15 5.79576e-15
-0.000301687 -1.18027e-15 2.26602e-15 -0.000300342 -3.17915e-15 7.76909e-15
0.00815935 6.76585e-16 6.71131e-16 0.00809056 -2.18598e-15 5.29997e-15
0.0103614 5.32864e-15 -9.08525e-16 0.0104159 7.62755e-15 1.41169e-15
0.00811 3.36871e-15 -3.47107e-15 0.00804929 4.6039e-15 -7.03216e-15
-0.00599397 -3.99554e-15 3.08935e-15 -0.00599828 -6.72898e-15 8.27394e-15
0.0132559 4.24512e-15 -2.66929e-15 0.0134005 -1.2896e-15 -7.44709e-16
-0.0128339 -5.82133e-15 4.50772e-15 -0.0129367 -7.40189e-15 7.42958e-15
0.0138761 8.48928e-15 -2.30144e-15 0.0137896 1.5008e-14 2.46765e-16
0.00918971 7.45539e-16 -3.68064e-15 0.00910408 -6.18984e-15 -6.88206e-15
-0.0124812 -7.09798e-16 3.63226e-15 -0.0123766 6.4031e-15 7.41394e-15
-0.013576 -4.94035e-15 1.99206e-15 -0.0135171 -1.25743e-14 1.61963e-15
-0.00801923 2.86708e-15 2.1022e-15 -0.00794375 1.09466e-14 3.32668e-15
0.0119519 -3.77612e-15 -3.53829e-15 0.0118483 -1.11134e-14 -6.01127e-15
0.0131399 -6.92206e-17 -3.46043e-15 0.013022 5.91598e-15 -4.33788e-15
-0.0133364 4.17145e-15 9.45986e-16 -0.0134074 1.40099e-15 -3.34625e-15
-0.00210359 8.55834e-16 1.92713e-15 -0.00208505 1.18345e-15 4.92633e-15
-0.0130893 3.64721e-15 3.27719e-15 -0.0131015 7.34561e-15 1.72777e-15
-0.00211334 -6.72774e-16 -2.49736e-16 -0.00213663 -4.08663e-15 -8.91819e-16
0.0128715 -3.28811e-15 -5.36795e-15 0.0127946 -6.06381e-15 -1.0845e-14
0.0121084 6.74796e-17 -8.97126e-16 0.0122443 2.98322e-15 2.55434e-15
0.0141061 -4.83637e-15 -5.30262e-15 0.0140769 -8.62417e-15 -1.17284e-14
0.0122994 -3.86804e-15 -3.84068e-15 0.0124248 -5.29687e-15 -5.6107e-15
-0.0102902 1.25496e-15 4.72264e-16 -0.0102626 -4.43909e-15 -4.75703e-15
-0.0100622 5.26956e-15 4.05097e-15 -0.00997421 9.6759e-15 9.28293e-15
0.00411562 -3.34419e-15 -2.75307e-15 0.00410752 -8.93626e-15 -6.62297e-15
-0.00950912 -3.40174e-16 -1.02125e-15 -0.00953919 -4.89017e-15 -5.68161e-15
0.00800655 1.03581e-15 1.22617e-15 0.0079982 5.55297e-15 6.6845e-15
-0.00585835 1.07714e-15 2.32046e-15 -0.0058148 1.62309e-15 4.39782e-15
-0.00984086 2.07664e-15 3.19683e-15 -0.00994963 5.95197e-15 5.21149e-15
0.00581106 -2.58438e-15 -2.86123e-15 0.00587626 -6.67534e-15 -7.18542e-15
0.0102199 -2.56544e-15 -2.26523e-15 0.010185 -7.38663e-16 4.20387e-16
-0.00220191 1.55647e-16 -3.46203e-16 -0.00220057 -1.7053e-15 -3.27424e-15
0.0144145 -1.53234e-16 5.48251e-18 0.0143464 -4.09503e-16 4.53069e-16
0.00982683 -5.69571e-16 1.54548e-16 0.00979787 -7.06855e-16 1.7654e-16
-0.0012141 2.707e-16 -7.59548e-17 -0.00120586 -1.00344e-15 -4.09846e-16
-0.00728678 1.18114e-15 -4.89254e-16 -0.00729712 3.05462e-16 -4.88475e-16
-0.00348399 1.11646e-15 -3.96701e-16 -0.00352342 3.00383e-15 1.29551e-15
-0.00935476 3.43359e-15 -2.29329e-15 -0.00928185 3.51367e-15 -1.33095e-15
-0.0015078 3.38801e-16 -6.56564e-16 -0.00152277 -5.69406e-16 -2.96235e-15
-0.0112264 6.7907e-15 -6.63464e-15 -0.0112005 5.61204e-15 -5.75516e-15
-0.000133509 -7.21819e-16 -2.90608e-17 -0.000135085 -2.089e-15 5.14088e-16
-0.0117198 6.10581e-15 -7.15211e-15 -0.0118393 3.73735e-15 -6.98347e-15
0.0042306 -2.35168e-15 2.81168e-15 0.00425609 -1.65906e-15 3.44983e-15
0.000346646 -1.8349e-15 1.18646e-15 0.000344228 -5.22447e-15 3.05604e-15
0.00320894 -1.40868e-16 1.0313e-15 0.00322691 4.58959e-15 -2.00082e-16
0.00170174 1.29525e-15 -3.01186e-16 0.00168845 7.46822e-15 -1.85114e-15
0.00813861 -2.61271e-15 1.63171e-15 0.00819006 4.78058e-16 1.51843e-15
0.00944035 -9.60884e-16 3.47841e-16 0.00936545 3.63139e-15 -2.57275e-15
0.00422263 -1.36422e-15 2.10359e-16 0.0042661 -2.28513e-15 3.91168e-15
0.00212156 -2.49964e-15 8.54797e-16 0.0021124 -6.60524e-15 3.08125e-15
0.0063031 1.74217e-15 -2.34528e-15 0.00625116 7.95217e-15 -4.97725e-15
0.00541909 -2.14924e-15 -1.22064e-15 0.00542878 -7.57795e-15 6.92053e-16
-0.000708265 9.48728e-16 -1.02512e-15 -0.000705208 3.69371e-15 -4.33787e-15
0.0127081 -4.8719e-15 -7.21661e-15 0.0128145 -8.65111e-15 -9.10542e-15
-0.0083991 3.37571e-15 2.72014e-15 -0.00832319 4.01127e-15 -2.09087e-15
0.00386283 -8.55393e-16 -1.18967e-15 0.00387129 7.1832e-16 1.44072e-15
0.00454616 -3.27969e-16 -2.00921e-15 0.00458475 2.92794e-15 -1.04881e-15
0.0133081 -2.70557e-15 -5.81869e-15 0.0133683 -4.15943e-16 -3.07287e-15
-0.00684774 -6.35716e-17 2.72819e-15 -0.00692231 -3.87651e-15 1.23057e-15
-0.00922121 -3.55238e-16 3.10588e-15 -0.00928928 -4.10175e-15 -3.53484e-16
0.000246679 1.5244e-15 1.14014e-15 0.000245143 4.57171e-15 1.89013e-15
-0.00591995 1.01226e-15 2.05369e-15 -0.00596651 2.30884e-15 -3.51669e-16
-0.00999163 5.64644e-15 1.0124e-15 -0.00994528 9.9045e-15 4.75653e-15
-0.00650162 2.78125e-15 -1.02391e-16 -0.00656783 2.25599e-15 1.38612e-15
0.00378654 -2.49567e-15 2.03323e-15 0.00382187 -4.91603e-15 3.72242e-15
-0.0128143 5.29032e-15 -6.84663e-15 -0.012701 -6.24117e-16 -7.25865e-15
0.00848203 -6.60885e-15 3.74317e-15 0.00852426 -9.04205e-15 1.30666e-15
5.22704e-05 1.76986e-15 8.56306e-16 5.22077e-05 5.49056e-15 1.57316e-15
-0.0113125 5.96524e-15 -7.94436e-15 -0.0114274 4.67102e-15 -9.71218e-15
-0.00636361 1.85162e-15 -3.85161e-15 -0.00631018 -1.59468e-15 -2.15834e-15
0.00624418 -3.68242e-15 2.82664e-15 0.00630508 -6.02466e-15 -5.76952e-16
0.00834163 -4.46663e-15 3.71008e-15 0.00840388 -6.86505e-15 1.548e-15
0.00372976 -2.38729e-15 9.79617e-16 0.00375732 -4.6887e-15 -1.54978e-15
-0.00265631 4.21983e-16 -2.33832e-15 -0.00267313 -6.73983e-16 -5.78116e-15
0.010748 -1.56837e-15 1.97121e-15 0.0106635 -1.86402e-15 -9.06059e-16
-0.00189763 -4.41217e-16 -1.63999e-15 -0.00191744 -2.24838e-15 -4.93876e-15
-0.00331516 -2.22011e-16 -2.13031e-15 -0.00332667 -1.44561e-15 -7.40814e-15
0.00664523 -1.66715e-15 -1.65749e-15 0.00661691 -2.71822e-15 -8.94164e-15
-0.00395995 -3.15812e-17 -2.38255e-15 -0.00396271 -1.62102e-15 -7.8195e-15
0.00627135 -2.80928e-15 -1.40797e-15 0.00628674 -5.36043e-15 -5.75806e-15
0.00500265 -1.23668e-15 3.43987e-15 0.00496603 2.80066e-16 8.35386e-15
0.000815227 1.74444e-16 7.87224e-16 0.000822797 1.56504e-15 3.74242e-15
-0.0053401 1.08657e-15 -2.32614e-15 -0.00539419 -1.69064e-16 -4.82743e-15
0.00318248 -9.3798e-16 1.48842e-15 0.00321184 -1.08599e-15 2.81673e-15
-0.0078699 2.2104e-15 3.49183e-16 -0.0078549 6.63413e-15 7.33537e-15
-0.00529081 -1.71863e-15 -4.03772e-15 -0.00524684 -6.6762e-15 -1.24898e-14
-0.00516083 -6.06374e-16 -1.40295e-15 -0.00520152 -4.44485e-15 -5.74413e-15
0.00444572 -2.676e-15 -2.1035e-15 0.00447294 -5.80883e-15 -8.05878e-15
0.0107257 -4.16679e-15 -2.43394e-16 0.0108142 -6.28133e-15 -3.55308e-16
0.00957113 -5.15901e-15 -3.06606e-15 0.00963501 -9.61667e-15 -1.02946e-14
-0.00428371 2.84027e-15 4.33346e-15 -0.00426648 5.24189e-15 1.20723e-14
0.00140684 8.05793e-16 -2.03561e-16 0.00141343 4.76254e-15 1.86892e-15
-0.00435015 4.73061e-15 3.16703e-15 -0.00435073 8.76686e-15 4.71503e-15
0.00861519 -6.37915e-15 -4.12247e-15 0.00858832 -1.13428e-14 9.79249e-17
0.0101653 -7.59404e-15 -5.12214e-15 0.0100892 -1.26725e-14 -5.35123e-15
0.00174146 -3.31082e-15 -2.51958e-15 0.00174757 -9.38614e-15 -6.90684e-15
-0.00321667 -1.96398e-15 -6.35314e-16 -0.0032015 -9.89793e-15 -5.10236e-15
-0.00212581 -2.29255e-15 -1.32525e-15 -0.00212202 -9.9621e-15 -6.23786e-15
0.0119319 -6.78557e-15 -3.4278e-15 0.0118282 -1.62153e-14 -7.60429e-15
0.00346606 2.04143e-15 3.44722e-15 0.00344247 5.81844e-15 8.13612e-15
0.000388704 -1.02294e-16 1.50356e-15 0.000387972 6.05999e-17 4.92963e-15
-0.0103775 -2.16803e-15 -6.64328e-15 -0.0104058 -8.87761e-15 -1.03901e-14
0.000987658 -1.39721e-15 1.58028e-15 0.000991378 -3.93775e-15 4.33988e-15
-0.00836708 2.41826e-15 -6.99151e-15 -0.00832689 4.25528e-15 -9.7828e-15
-0.00820541 3.08964e-15 -3.56819e-15 -0.00816754 5.07424e-15 3.71793e-15
0.0023135 -2.74364e-15 5.7518e-16 0.00232568 -9.06354e-15 -2.05659e-15
-0.00950196 1.08464e-15 -3.84437e-15 -0.0094256 -4.85641e-15 8.20438e-16
-0.0076687 -1.35053e-17 -1.56686e-15 -0.00761176 -8.92008e-15 3.71801e-15
0.00986247 -1.39268e-15 1.50267e-15 0.00977907 7.68851e-15 -2.34813e-15
0.00733155 -5.14177e-15 -8.43868e-16 0.0074089 -7.7435e-15 -2.9868e-15
-0.00457524 4.92817e-15 6.22927e-16 -0.00461939 1.03228e-14 2.58551e-15
0.00790585 -4.33381e-15 -1.52942e-15 0.00799057 -4.28647e-15 -1.16796e-15
0.00556196 4.12969e-17 -7.50528e-17 0.00553803 9.20862e-17 -5.42252e-16
-0.00248171 3.15892e-16 -8.00481e-16 -0.00249163 -9.00527e-17 -2.62839e-15
-0.00670577 2.36011e-15 -1.66631e-15 -0.00664415 7.01328e-15 -1.25219e-15
0.00749166 -3.0673e-15 3.55241e-15 0.00747899 -2.64636e-15 5.59682e-15
-0.00390331 1.46309e-15 -1.69777e-15 -0.00392421 9.60759e-16 -1.87483e-15
0.00903708 -4.74686e-15 4.1274e-15 0.00899544 -5.62907e-15 3.64608e-15
-0.00953269 5.7394e-15 -5.64222e-15 -0.0096053 6.03732e-15 -7.16094e-15
-0.00628714 3.92475e-15 -3.49564e-15 -0.00627741 3.53809e-15 -2.82013e-15
-0.000548157 2.5927e-16 -1.72435e-16 -0.000543207 -3.97639e-18 2.44769e-16
-0.0143591 8.22653e-15 -8.25963e-15 -0.014454 7.16456e-15 -9.63412e-15
0.0116082 -5.54843e-15 4.93763e-15 0.0117338 -7.12345e-15 3.17707e-15
0.00652891 -2.2626e-15 3.94878e-15 0.00658466 -1.00473e-15 6.18653e-15
-0.0101086 3.75077e-15 -3.73103e-15 -0.0102226 4.94388e-15 -1.55867e-15
0.00453398 -1.2751e-15 2.83689e-15 0.00456422 -1.33924e-15 5.1427e-15
-0.000425857 -3.02468e-16 -1.11202e-15 -0.00042903 -9.76698e-16 -3.94867e-15
-0.000398545 -6.04546e-16 -8.82856e-16 -0.00039575 -3.91761e-15 -3.95446e-15
-0.00822337 -1.54574e-15 -5.51388e-15 -0.00814695 -3.21013e-15 -7.9761e-15
-0.0146102 -2.67422e-15 -7.75266e-15 -0.0146197 -4.85809e-15 -8.35222e-15
-0.0128775 -2.9925e-15 -6.00226e-15 -0.0130084 -3.13526e-15 -3.69295e-15
-0.0117895 -4.37867e-15 -7.69025e-15 -0.0117025 -6.257e-15 -1.27955e-14
-0.0144899 -2.31927e-15 -3.18677e-15 -0.0144083 -1.38791e-16 3.14733e-15
-0.0143959 -1.14017e-15 -2.46297e-15 -0.0142651 2.82829e-16 6.52691e-15
-0.0140811 -1.22276e-15 -7.473e-15 -0.0141564 -1.54581e-15 -1.23782e-14
0.00488954 -2.78693e-16 -1.2297e-15 0.0048849 -7.24661e-16 -8.4695e-15
-0.0139275 2.33887e-16 -1.2989e-15 -0.0140442 -2.11716e-16 2.87998e-15
0.00616295 -5.37426e-16 4.3637e-15 0.00611007 7.47435e-16 1.36971e-14
0.0148738 -4.01987e-15 -1.67942e-15 0.0148745 -7.55149e-15 -6.28188e-15
0.0143959 -4.90203e-15 -2.65527e-15 0.0142646 -5.53288e-15 -1.04364e-14
-0.0133245 5.72501e-15 -2.94528e-15 -0.0132818 6.66943e-15 -6.41292e-15
-0.0150035 7.09434e-15 -5.14251e-15 -0.0149224 7.38872e-15 -1.03798e-14
-0.0050204 2.48591e-15 1.39902e-15 -0.00502079 2.15312e-15 7.20264e-15
-0.0128918 7.68812e-15 -2.67518e-15 -0.0130386 8.84471e-15 1.33761e-15
-0.000983718 1.46702e-15 6.81866e-16 -0.000990094 3.65889e-15 3.91969e-15
0.0120003 -5.96336e-15 6.50442e-15 0.0119423 -3.05993e-15 8.36876e-15
-0.00142979 -1.01537e-15 -2.03307e-15 -0.00143091 -3.82306e-15 -4.338e-15
-0.00701056 3.53078e-15 -5.58824e-15 -0.00707116 3.44214e-15 -9.98269e-15
-0.0123571 7.45221e-15 -8.01707e-15 -0.0123043 1.02979e-14 -8.69595e-15
-0.00373022 2.46131e-15 -6.91714e-16 -0.00376965 5.15743e-15 3.23994e-15
-0.00649241 -5.76681e-16 -5.31938e-15 -0.00644783 -7.06251e-15 -1.1443e-14
0.00939884 -2.29907e-15 5.78289e-15 0.00946043 1.27675e-16 1.07913e-14
-0.000639021 2.0979e-15 5.46463e-16 -0.000639637 7.17509e-15 2.35432e-15
-0.014725 3.97739e-15 1.20788e-15 -0.0145908 1.0675e-14 9.172e-15
-0.00576777 -2.18237e-15 -2.47031e-15 -0.0057509 -8.1634e-15 -7.34583e-15
-0.0144565 1.67491e-15 2.62438e-15 -0.0144296 4.67117e-15 9.80396e-15
-0.014084 3.35909e-15 4.68315e-15 -0.0140268 7.47554e-15 1.18552e-14
-0.0148967 6.03152e-15 8.48082e-15 -0.0148732 7.64695e-15 1.44934e-14
-0.00878469 2.91368e-15 4.69579e-15 -0.00883556 -2.34165e-15 2.67447e-15
0.00607845 -6.08412e-15 -4.14357e-15 0.00609556 -1.28864e-14 -6.16607e-15
0.0107747 -6.00118e-15 -7.01025e-15 0.0108185 -3.88795e-15 -1.10939e-14
-0.00824191 1.06751e-15 2.89238e-15 -0.00816478 -7.4339e-15 2.25104e-15
0.0133307 -8.31402e-15 -2.68914e-15 0.0134286 -1.03222e-14 1.26258e-15
0.0128734 -6.94416e-15 -3.15985e-15 0.0130222 -9.31844e-15 -6.60972e-15
-0.00565038 -1.13321e-15 -1.47416e-15 -0.0056211 -1.0718e-14 -4.64123e-15
-0.000202043 -3.95031e-15 -1.23088e-15 -0.000200588 -1.26713e-14 -3.58286e-15
0.00560206 -4.31946e-15 8.57104e-16 0.00560579 -9.96453e-15 -3.65291e-15
0.0046424 2.94717e-15 4.9147e-15 0.00460591 1.13691e-14 9.25922e-15
-0.0139407 2.22684e-15 -1.04997e-14 -0.014101 8.50523e-15 -1.35525e-14
-0.0100927 3.19616e-15 -4.78449e-15 -0.0101396 9.17053e-15 -1.84492e-15
0.0109121 9.88203e-17 8.74206e-15 0.010817 2.67601e-15 1.51271e-14
0.00629731 -3.08672e-15 4.25565e-16 0.00629429 -7.34028e-15 -4.83084e-15
0.0139725 -6.18674e-15 3.47216e-15 0.0141312 -1.2137e-14 3.94953e-15
-0.0147762 6.86693e-15 -2.92594e-15 -0.0146743 9.44151e-15 -9.56436e-15
0.0143196 -9.81765e-15 -2.46218e-15 0.014421 -1.57343e-14 -2.72168e-15
0.00933377 -6.42459e-15 -5.44378e-15 0.00943568 -9.09017e-15 -1.08885e-14
0.0113437 -8.76902e-15 -3.97142e-15 0.0113598 -1.28575e-14 3.41289e-16
-0.0114876 4.81853e-15 4.93414e-15 -0.0115981 -1.54764e-15 1.61476e-15
0.0136963 -3.55366e-15 -9.4424e-15 0.013579 6.45072e-15 -1.12211e-14
0.0139905 -3.85378e-15 -1.00197e-14 0.0139024 5.94326e-15 -1.20597e-14
-0.0137066 2.98304e-15 9.03261e-15 -0.0136839 -6.63235e-15 8.47199e-15
0.012832 -8.198e-15 -9.44155e-15 0.0129363 -1.43054e-14 -1.40809e-14
-0.00823169 9.11164e-15 5.51907e-15 -0.00815416 2.03597e-14 5.72284e-15
0.00946179 8.14162e-16 -3.30928e-15 0.00940033 1.10846e-14 1.42374e-15
-0.0139375 1.52734e-15 3.88534e-15 -0.0139295 -8.5319e-15 -1.85184e-15
-0.00684596 7.02978e-15 4.9577e-15 -0.00679206 2.01803e-14 9.4165e-15
0.0139443 8.64067e-16 -1.59588e-15 0.0138684 9.5242e-15 1.9999e-15
0.00933212 -2.44607e-15 -1.14569e-15 0.00943759 -4.88099e-15 1.90743e-15
-0.0147836 -4.18221e-15 -7.13639e-15 -0.0147606 -7.27873e-15 -1.17517e-14
0.0142663 6.5175e-15 5.34864e-15 0.0143268 1.26645e-14 2.95636e-15
0.0143488 6.83497e-15 6.14614e-15 0.0142437 1.09051e-14 1.55924e-15
-0.00655973 3.69101e-15 -5.71701e-15 -0.00649776 1.41021e-14 -1.01165e-14
-0.0134656 -8.3894e-17 -7.91054e-17 -0.0134274 -8.23235e-16 2.06959e-16
0.0106433 9.43931e-17 2.57427e-16 0.010667 2.5719e-16 8.15156e-16
0.00738644 5.32699e-16 6.27232e-17 0.00737807 1.77874e-16 -1.97633e-15
-0.000887727 1.70777e-16 1.0312e-16 -0.000880947 1.82705e-16 5.81029e-16
-0.0138304 -5.00183e-15 -4.78095e-15 -0.013835 -5.90377e-15 -5.59202e-15
0.00783245 2.50073e-15 3.34241e-15 0.00779676 2.58689e-15 4.26006e-15
0.000945638 9.30599e-16 8.234e-16 0.000952281 4.0075e-15 1.95464e-15
-0.0118372 -1.09026e-15 -5.58833e-15 -0.0117415 7.83834e-16 -4.02237e-15
-0.0132361 -1.58098e-15 -6.76662e-15 -0.0132013 -1.63355e-15 -6.46267e-15
-0.00527875 -1.47524e-15 -3.26168e-15 -0.00528586 -3.94165e-15 -4.37036e-15
-0.00928084 -8.58798e-16 -5.51996e-15 -0.00925029 -1.22337e-15 -5.73563e-15
-0.000950429 4.4037e-16 -1.57379e-16 -0.000961103 1.77725e-15 1.22174e-15
0.00881527 2.29193e-15 6.06362e-15 0.00880122 5.72837e-15 7.71449e-15
0.0150618 -5.5766e-17 8.63617e-15 0.0149239 -3.05106e-15 7.68089e-15
0.0105605 5.18279e-16 5.63925e-15 0.0105244 -2.09459e-15 5.14899e-15
-0.011545 -1.00233e-15 -5.02791e-15 -0.0115603 3.58023e-15 -3.5928e-15
-0.0147208 -4.28419e-15 -5.88967e-15 -0.0148186 -2.445e-15 -4.25931e-15
-0.0099106 -1.28154e-15 -3.02225e-15 -0.00982409 3.81036e-15 -1.89891e-15
-0.0140583 -3.95231e-15 -4.21018e-15 -0.0141262 -1.55843e-15 -4.39652e-15
-0.0103067 -3.3124e-15 -2.52878e-15 -0.0104224 -2.1289e-15 -4.47397e-15
0.0107962 3.4879e-15 2.61527e-16 0.0107964 7.79929e-15 1.45187e-15
-0.0145706 -1.83439e-15 1.75231e-16 -0.0146371 -4.08667e-15 -1.15357e-15
0.0019742 8.06928e-16 -9.97424e-16 0.00199667 2.13024e-15 -1.76439e-15
0.0141268 -6.43324e-16 -5.94421e-15 0.0142732 2.22351e-15 -7.60978e-15
0.0115634 -2.55742e-15 -3.88802e-15 0.0116272 -6.02386e-15 -2.42482e-15
-0.0151365 4.82952e-15 8.22673e-15 -0.0149973 5.84836e-15 1.06892e-14
0.0150344 -5.90083e-15 -7.50947e-15 0.0150246 -4.32378e-15 -6.23421e-15
0.0106377 -5.1009e-15 -7.8587e-15 0.0106047 -2.09786e-15 -1.12189e-14
-0.0115397 6.47659e-15 8.05942e-15 -0.0114469 5.32731e-15 1.06987e-14
-0.0149479 8.97579e-15 8.94096e-15 -0.0151166 5.81891e-15 1.14122e-14
-0.00891939 4.70275e-15 6.10426e-15 -0.00894312 7.03474e-16 1.18351e-14
0.00383402 -1.97872e-15 -3.73012e-15 0.00380378 -1.15618e-15 -9.07325e-15
-0.00190846 2.70285e-15 -1.10017e-15 -0.00190833 5.71569e-15 -6.3198e-15
-0.015185 5.94042e-15 -1.02934e-15 -0.0151874 1.06606e-14 -6.35705e-15
-0.0134948 2.78684e-15 5.34592e-16 -0.0136506 3.54193e-15 7.61363e-16
0.00342572 -1.48948e-15 1.13532e-15 0.00344194 -3.6699e-15 3.48406e-15
0.00563564 -1.46644e-15 2.97455e-15 0.0055954 -5.97087e-15 6.69492e-15
0.0151495 2.22725e-15 5.70478e-15 0.0151767 1.59425e-15 6.83679e-15
-0.000960378 1.52992e-15 -2.13179e-15 -0.000951452 3.76137e-15 -6.2055e-15
-0.0150253 -6.5684e-15 -5.88682e-15 -0.0150076 -1.05302e-14 -3.31969e-15
-0.0151315 -4.93513e-15 -9.69709e-15 -0.0150089 -3.12708e-15 -1.16996e-14
0.00984519 6.45256e-16 4.91607e-15 0.00983168 1.10752e-15 6.81748e-15
0.0108206 1.77072e-15 4.0351e-15 0.0107313 4.19481e-15 3.33161e-15
-0.000699226 -1.43051e-16 5.57412e-16 -0.000705672 -4.41313e-16 3.37656e-15
0.0144772 -6.62617e-15 -2.09614e-16 0.0145873 -5.42392e-15 -3.42224e-16
0.0149555 -8.75017e-15 -1.13374e-15 0.0150454 -7.14622e-15 -5.02766e-15
0.014922 -1.08077e-14 -3.33242e-16 0.0150927 -1.26044e-14 5.33123e-16
0.0120059 -9.54005e-15 -1.12613e-15 0.0121432 -1.0982e-14 -3.47514e-16
-0.00867948 6.13395e-15 1.63042e-15 -0.00877813 5.5016e-15 2.03793e-15
-0.0150087 1.27428e-14 2.58327e-15 -0.0149892 1.72946e-14 1.1296e-16
0.00839501 -6.21145e-15 -2.3218e-15 0.00843288 -6.14764e-15 -8.22351e-16
0.0032976 -3.03058e-15 -6.49886e-16 0.00327592 -6.85548e-15 1.13812e-15
0.0100901 3.1233e-16 -2.20275e-15 0.0101896 3.15745e-15 -3.53831e-15
0.0147304 2.54153e-16 -1.12242e-15 0.0148907 -4.31519e-15 -1.92583e-15
-0.00411186 -6.15752e-16 5.94516e-16 -0.00413251 6.05359e-16 2.86468e-15
0.0116617 3.7546e-15 -1.95553e-15 0.0116911 1.72173e-15 -2.40413e-15
-0.0127312 -6.46116e-15 2.67895e-15 -0.0128322 -9.55061e-15 4.40975e-16
0.00966688 4.17981e-15 -2.97545e-15 0.0097447 1.44208e-15 -3.70498e-15
-0.0131348 -6.27008e-15 4.09026e-15 -0.0132156 -4.33801e-15 4.51042e-15
-0.00633608 -3.56994e-15 2.05563e-15 -0.00627768 -2.74928e-15 2.31372e-15
0.0128028 6.47511e-15 -2.15099e-15 0.0129102 5.01984e-15 -2.91497e-15
0.00652303 5.04483e-15 7.77142e-17 0.00646894 8.25158e-15 -7.98979e-17
-0.013048 -5.25281e-15 4.42375e-16 -0.0130814 -5.35281e-15 4.37305e-16
-0.00878572 4.27539e-15 -6.88e-16 -0.00873566 9.87258e-15 1.40921e-15
0.0145645 -1.22594e-14 5.59078e-15 0.0144312 -1.99529e-14 4.51495e-15
0.00923495 -4.80959e-15 5.3132e-15 0.00924852 2.89001e-16 6.87629e-15
0.0116622 -8.71786e-15 6.79608e-15 0.0117824 -8.29885e-15 8.53748e-15
-0.0121598 8.54341e-15 -7.8223e-15 -0.0122243 5.5469e-15 -8.77116e-15
-0.00865848 7.66459e-15 -4.39787e-15 -0.00858139 1.37889e-14 -2.95756e-15
0.00573342 -1.94163e-15 4.17048e-15 0.00570474 2.65141e-16 5.81501e-15
0.0145943 -6.5465e-15 7.51233e-15 0.0145596 -8.67686e-15 7.01895e-15
-0.0148502 4.25079e-15 -7.37883e-15 -0.0150163 6.85903e-15 -7.83114e-15
-0.0077074 4.13193e-16 -2.55147e-15 -0.00764093 3.95652e-16 -7.71404e-16
0.00647159 2.97536e-15 6.36692e-16 0.00645369 5.95478e-15 -1.97399e-15
0.00484201 1.00691e-15 2.33657e-15 0.00481701 -4.56673e-17 5.59914e-15
-0.0148135 -8.15653e-15 -2.50361e-16 -0.0149617 -9.31949e-15 9.73975e-16
0.00935204 7.21741e-15 -2.57478e-15 0.00926355 1.13082e-14 -7.7213e-15
0.0141585 9.70233e-15 -1.93997e-15 0.0142208 9.6347e-15 -4.14284e-15
-0.00623071 -4.86621e-15 4.84367e-16 -0.00629243 -6.29126e-15 -1.09385e-15
0.00407884 4.6627e-15 -4.06025e-15 0.00406049 9.82552e-15 -1.05643e-14
