0.000808142 0.000806083
0.00172684 0.00172701
0.000732712 0.000732535
0.00330499 0.00330736
0.00108107 0.00108228
0.0012233 0.00122444
0.000866823 0.000864966
-0.00019187 -0.000192438
0.000733579 0.000732131
0.000733142 0.000732455
8.23761e-05 8.31527e-05
0.00252617 0.00252627
0.00194721 0.00194548
0.00183772 0.00183908
-0.000338547 -0.000338435
0.000555135 0.000556266
0.000770251 0.000771757
0.000642538 0.000642242
0.00177765 0.00177778
0.00036187 0.000362706
0.000879221 0.000878456
0.00159855 0.00160032
8.25028e-06 7.55469e-06
-0.000289875 -0.000290243
0.00116661 0.001168
0.000290674 0.00028975
0.00140879 0.00140998
0.0032166 0.00321836
0.00134643 0.001348
0.00191208 0.00191381
0.00111749 0.00111869
0.000455208 0.000454141
0.000992013 0.000990103
0.00123347 0.00123128
0.00198573 0.00198718
0.000913116 0.00091096
0.0026753 0.00267479
0.00123429 0.00123581
0.00184172 0.00183972
0.00192455 0.00192646
0.00133753 0.00133519
0.000113522 0.000112349
-0.000373403 -0.000373262
0.00126954 0.00126783
0.00293226 0.00293404
0.00242509 0.00242638
0.000728734 0.000727899
0.00153265 0.00153426
0.00153495 0.00153551
-4.25453e-05 -4.19895e-05
0.000476214 0.000477303
-0.000305437 -0.000305482
0.00104832 0.00104971
0.00133713 0.00133817
0.00137746 0.00137658
0.00120774 0.00120841
0.0016619 0.00166075
0.00105528 0.00105674
0.00154633 0.00154831
0.0011979 0.00119563
0.000467243 0.000468872
-5.01201e-05 -5.08685e-05
0.00116194 0.00116318
0.000501191 0.000501537
0.00142213 0.00142004
0.00247355 0.00247585
0.000689643 0.00068847
0.00153589 0.00153476
-2.82675e-05 -2.92372e-05
-8.66925e-05 -8.63865e-05
0.000745704 0.000743987
-0.000427293 -0.000427601
0.000677586 0.000676207
0.00128067 0.00128196
0.000962344 0.000963465
0.00218005 0.00217893
0.000825008 0.000824095
0.00259968 0.00260112
0.00124953 0.00124857
-3.47222e-05 -3.45382e-05
0.000667224 0.0006686
0.001286 0.00128437
0.000827951 0.000829286
-2.2985e-05 -2.38604e-05
0.001257 0.00125833
0.00116891 0.00117063
0.00161187 0.00161373
0.00249701 0.00249921
0.000978043 0.000976865
-0.000377198 -0.000377868
0.00161651 0.0016155
0.00289412 0.00289492
0.000891743 0.000890588
0.00274207 0.00274325
0.00177694 0.00177593
0.0006275 0.000628276
0.00044139 0.000440755
0.000593248 0.000592815
0.000839909 0.000837456
0.00127033 0.00126851
0.00122898 0.00123002
0.00183788 0.0018374
0.00335735 0.00335589
0.00240484 0.00240623
0.00139099 0.00139245
-0.000192751 -0.000193376
-4.27862e-05 -4.1952e-05
0.00118731 0.00118842
0.0015972 0.00159851
0.00184471 0.0018438
0.0025341 0.00253418
2.75373e-05 2.73568e-05
0.00312096 0.00312296
-5.32518e-05 -5.24135e-05
0.00207071 0.00206911
0.000958152 0.000955978
0.0012105 0.00121205
0.00120886 0.00121058
0.0011381 0.00113576
0.00185273 0.00185467
0.00244571 0.00244486
0.00245375 0.0024524
0.00174333 0.00174175
-0.00021967 -0.000219571
-0.000149044 -0.000148795
0.00130972 0.00130797
6.5811e-05 6.4394e-05
0.00276384 0.00276271
0.00159699 0.00159785
0.00147948 0.00148093
0.00025852 0.000258998
0.00183177 0.0018311
0.00194515 0.00194696
5.62792e-05 5.62146e-05
0.000624756 0.000625692
0.000614852 0.000615739
0.00213311 0.00213472
0.000394481 0.000392979
0.00165165 0.00165136
0.000606162 0.000607731
-7.99621e-05 -7.91905e-05
0.00128728 0.0012851
0.00100612 0.00100389
0.00188967 0.00188899
0.00223465 0.00223376
0.00214397 0.00214367
-7.90904e-05 -7.97215e-05
0.00233114 0.00232984
0.00159654 0.00159713
0.00134664 0.00134861
0.00109214 0.00108962
-9.6485e-06 -1.09684e-05
0.000628509 0.000626796
0.000596856 0.000598009
0.00195129 0.0019528
0.00373151 0.0037303
0.00227226 0.00227274
-0.000360064 -0.000359719
0.000550717 0.000551178
0.00110426 0.00110419
0.00112953 0.0011274
0.00129993 0.00129861
0.00105398 0.00105199
0.00151578 0.00151523
0.000687497 0.000686867
0.00104498 0.00104647
-0.000240331 -0.00024126
0.000985613 0.000986631
0.000435566 0.000435101
8.96404e-05 9.09965e-05
-4.45147e-05 -4.37656e-05
0.00244032 0.00243871
0.000393937 0.000392708
0.000848119 0.0008493
0.000458074 0.00045906
-0.000408779 -0.000408986
-0.000172029 -0.000171587
0.00230408 0.00230472
-0.00026307 -0.000263537
0.00147622 0.0014777
2.87841e-05 2.93823e-05
0.00226127 0.00226141
0.000989201 0.000988918
0.001581 0.00157945
0.00130726 0.00130694
0.00154022 0.00154008
0.000563063 0.000561921
0.00119145 0.00118996
0.0012689 0.00127019
0.000349318 0.000348126
0.00122843 0.00122987
0.00179842 0.00180026
0.00131219 0.0013132
0.00152758 0.00152675
0.000367577 0.000368393
0.0016623 0.00166337
0.00184703 0.00184694
0.000383789 0.000384503
0.000937502 0.000936001
-0.0002997 -0.00030021
0.00165281 0.00165059
0.000605856 0.000604339
0.000627411 0.000629109
8.4728e-05 8.35114e-05
0.00130898 0.0013104
-0.000443262 -0.000443172
-0.000299665 -0.000299554
0.000146481 0.000147131
0.0016716 0.00167193
-0.000176132 -0.000177245
0.00129172 0.00128948
0.00103877 0.00103745
0.0014741 0.00147359
0.00046095 0.000461937
-0.000178814 -0.000178376
0.00191923 0.00192115
0.000922238 0.000920226
0.00228855 0.00229047
0.000263495 0.000264383
0.00313665 0.00313533
0.00194144 0.0019405
0.00128985 0.00128747
0.000179892 0.000180609
-0.000364361 -0.000364398
-0.000398045 -0.000398067
0.000329435 0.000330472
0.00148718 0.00148682
0.00180966 0.00180879
-0.000151644 -0.00015095
-0.000391163 -0.000390491
0.00132378 0.00132441
0.000856988 0.000857588
-0.000383069 -0.000382965
0.00201024 0.00200855
0.00211014 0.00211164
0.00021829 0.000217801
0.00117094 0.00117252
0.00251752 0.0025173
0.000957901 0.000956124
6.63673e-05 6.70595e-05
0.00324259 0.00324383
0.0025914 0.00259319
0.000822537 0.000823986
-9.85687e-05 -9.91336e-05
0.000510181 0.000509161
0.00136078 0.00135893
0.00113282 0.00113143
0.00199509 0.0019944
0.00299849 0.00299947
0.001724 0.00172554
0.00253451 0.00253563
0.00064524 0.000643722
0.000851462 0.000849374
0.00190897 0.00190969
0.00115836 0.0011596
0.00249421 0.00249636
0.00161056 0.00161227
-0.000418839 -0.000418585
0.0018052 0.00180663
0.00234392 0.00234251
0.00309748 0.00309923
0.000735407 0.000736743
-0.000377749 -0.000377522
0.000547362 0.000547896
0.00277617 0.00277492
0.000890277 0.000888759
0.000773745 0.000772691
0.0006185 0.000616644
0.000876404 0.000874261
0.00339649 0.00339815
0.00195365 0.0019522
0.000502619 0.000500816
0.00113105 0.00113202
0.000140312 0.000139872
0.00113686 0.00113625
0.0019481 0.00194639
0.00281792 0.00281667
0.00170497 0.00170617
0.000573896 0.00057248
0.000639868 0.000640302
0.00320927 0.00320756
0.00170276 0.0017005
0.00131851 0.00132002
-4.89006e-06 -5.95682e-06
0.000835101 0.000836226
5.62419e-05 5.69253e-05
0.00132748 0.001329
0.00235955 0.00235872
0.000535545 0.000534051
0.00112421 0.001126
0.000187236 0.000187735
0.002509 0.00250778
0.000666631 0.000668053
-0.000364487 -0.000364415
0.00131315 0.00131064
0.00139562 0.00139684
0.000382471 0.000383353
0.000431724 0.00043068
0.00212834 0.00212746
0.00232104 0.00231956
0.00202293 0.00202407
0.000115837 0.000116369
0.000818382 0.000817101
0.00151101 0.00150937
0.00334421 0.00334594
0.00364963 0.00365114
0.000510337 0.000509031
0.00129215 0.00129014
0.00177686 0.00177816
0.000804449 0.000803822
0.00109793 0.00109905
0.00298981 0.00298853
0.000180324 0.00017935
0.00305363 0.00305227
-0.000174085 -0.00017342
0.0012852 0.00128313
0.000121745 0.000122845
0.00163382 0.00163206
0.000595028 0.000595995
0.00118421 0.00118229
0.000338055 0.000339417
0.00269193 0.00269185
0.00112187 0.00112369
0.00175369 0.00175444
0.0012018 0.00120316
0.00155297 0.00155466
0.00143401 0.00143546
0.00142806 0.00142577
0.00107574 0.00107756
0.00103821 0.00103655
-0.000136728 -0.000135872
0.00121419 0.00121239
0.00204348 0.00204213
-9.02911e-05 -9.02853e-05
0.000514733 0.000515918
0.00127446 0.00127222
-9.13814e-05 -9.06655e-05
0.00163523 0.00163644
0.00285469 0.00285323
0.000375221 0.000374379
0.0025132 0.00251134
0.00171264 0.00171412
0.000583785 0.00058223
0.000647197 0.000645365
0.00222365 0.00222544
0.00257877 0.00258049
0.000169069 0.000170217
-0.000411438 -0.000411903
0.00227491 0.0022739
0.000392651 0.000390804
0.00100167 0.00100034
0.00386904 0.00386758
0.00110979 0.00110861
0.00108777 0.00108871
0.0001764 0.000176939
0.0013776 0.00137904
-0.000175695 -0.000176429
0.0022923 0.00229105
0.00269464 0.00269407
0.000248432 0.000248623
-0.000398144 -0.000398602
0.000416848 0.000414899
0.00231951 0.00232113
0.000625504 0.00062665
0.00211127 0.00211008
0.000895833 0.000893853
0.00111202 0.00110993
0.00277191 0.00277366
0.0018598 0.00186064
0.000297777 0.000297223
0.00322688 0.00322894
0.00161585 0.0016175
0.000508179 0.000508919
0.000578684 0.000578248
0.000647282 0.000645853
0.00130044 0.00130012
0.000534924 0.000535842
0.000142264 0.000143387
0.00333921 0.00334072
0.00037883 0.000378842
3.72703e-05 3.80435e-05
0.00130669 0.00130448
-0.000188706 -0.000189351
0.00290655 0.00290539
0.000796663 0.000797959
0.00145526 0.00145368
0.00228495 0.00228336
0.00158164 0.00158045
0.00258 0.00257849
0.0015983 0.00159633
0.000819929 0.000821778
0.000385756 0.0003853
0.00147379 0.0014754
0.00221959 0.00221837
0.000746335 0.00074593
0.00122015 0.00122084
0.000679505 0.00068066
0.00130463 0.00130252
0.00088802 0.000887203
0.00246023 0.00246253
0.00139929 0.00139824
0.00177673 0.00177869
0.00109818 0.00110001
0.000118852 0.000119684
-0.000121842 -0.000120855
-0.000274611 -0.00027525
0.00274968 0.00274841
0.00188426 0.00188455
0.00145423 0.0014555
0.000536002 0.000534781
0.00246868 0.00246724
0.00147646 0.001478
0.00108661 0.00108503
0.00341531 0.00341389
0.00105192 0.00105239
0.00133402 0.00133216
3.48464e-05 3.51306e-05
0.000481931 0.000482846
0.000768498 0.000770235
0.00164497 0.00164664
0.00108023 0.00108121
0.00046357 0.000462822
0.00060458 0.000603612
0.00131795 0.00131934
0.00118539 0.00118647
0.00043117 0.000429472
0.000343189 0.000344406
0.00168841 0.00168715
0.00174557 0.00174749
0.000137885 0.000138085
0.00179091 0.00178941
-2.46118e-06 -2.81581e-06
0.00200151 0.0020032
0.00361273 0.00361177
0.000229816 0.000229021
0.00126761 0.00126858
-0.000137185 -0.000136256
0.0013588 0.0013567
0.00232772 0.00232929
0.000104544 0.000104192
0.000593426 0.000592642
0.00417143 0.00417386
0.000361306 0.000360424
-0.000294877 -0.000294948
0.00140459 0.0014062
0.00012924 0.000128232
-0.0004282 -0.000428562
0.00149548 0.001497
-0.000431287 -0.000431196
0.00173994 0.00173794
-0.000433125 -0.000433175
0.00223741 0.00223601
0.00018247 0.000182847
0.000771597 0.000772327
0.00280418 0.00280312
0.000929122 0.000930319
0.00170244 0.00170094
0.00207865 0.00207702
0.000173867 0.000174575
0.00146753 0.001469
0.00391672 0.00391855
0.00210002 0.00210154
0.00104912 0.00105065
-0.000166362 -0.000166469
0.00131237 0.00131003
0.00201825 0.00201569
0.00136539 0.00136747
0.00255963 0.00256063
0.0030584 0.00305698
0.00245313 0.00245195
0.0028203 0.00282233
0.00133809 0.00133991
0.00344522 0.00344434
0.00162401 0.00162581
0.00266323 0.00266258
0.000826759 0.000827934
0.00157966 0.00157996
0.000978231 0.000979956
0.000381209 0.000381527
-0.000410356 -0.000410271
0.00263763 0.00263948
-0.00012819 -0.000127755
0.000707572 0.000705393
0.00353816 0.00353963
0.00114119 0.00114277
0.00368968 0.00369179
0.00143288 0.00143316
0.000488487 0.000486827
0.000240011 0.00024101
0.000486774 0.000485675
-1.02843e-05 -9.79698e-06
-0.000148329 -0.000149074
0.000536906 0.000535072
0.000322513 0.000322053
0.000731068 0.000729452
0.00156544 0.00156638
0.00120936 0.00121062
0.00132591 0.00132677
0.00291734 0.0029196
-0.000396031 -0.000395685
0.00369521 0.00369717
0.00168506 0.0016835
0.0016482 0.00165002
0.000591752 0.000592535
0.000773412 0.000773089
0.000529515 0.000530833
0.000875543 0.000876649
0.00295559 0.00295516
-0.000342228 -0.00034229
-6.09333e-05 -6.02661e-05
0.00333664 0.00333539
0.000200331 0.000201319
0.000376912 0.000377089
0.000196201 0.000195547
0.00143337 0.00143459
0.00211333 0.00211153
0.00243332 0.002435
0.00121704 0.00121812
0.00111375 0.00111198
0.00133061 0.00133214
0.000539062 0.000537693
0.00109896 0.00110026
0.000472133 0.000473447
0.000404743 0.000405809
0.00224974 0.00225149
-0.00014655 -0.000146658
0.0021172 0.00211585
0.00124853 0.00124669
0.00122689 0.00122781
-0.000119664 -0.000120586
0.00134076 0.0013424
0.00131117 0.00130894
0.00144868 0.00144997
0.000828072 0.000827636
-0.000344525 -0.000344713
0.000241754 0.000241601
0.000350475 0.000350645
0.0030852 0.00308414
-0.000377744 -0.000377822
0.00206134 0.00206326
0.000450701 0.000452094
0.00259452 0.00259292
0.00200192 0.00200362
-0.000268529 -0.000268951
0.00251548 0.00251418
0.00398757 0.0039896
-0.000383802 -0.000384328
0.00126651 0.00126782
0.00132836 0.00132993
0.000960725 0.000962258
-0.000199564 -0.000198718
0.00201023 0.0020089
-0.000174895 -0.000175248
0.00223911 0.00223802
0.00119675 0.00119382
0.00181046 0.00180898
0.000199462 0.000200421
0.00248369 0.00248426
0.000262452 0.000263424
0.00389654 0.00389838
0.00279006 0.00278839
0.000423869 0.00042504
0.00170518 0.00170367
0.00107556 0.00107445
6.07719e-06 5.95257e-06
0.0010157 0.0010166
0.00290105 0.0029015
0.00258195 0.00258089
0.00343304 0.003432
0.00324829 0.00324975
0.00159745 0.00159923
0.00235898 0.00235755
0.00263797 0.00263965
0.00138241 0.00138389
0.00181412 0.00181609
-0.000364386 -0.000364158
0.00180975 0.00181162
0.00146577 0.00146488
0.00148146 0.00148114
0.00314696 0.00314616
0.00275181 0.00275024
0.00189505 0.00189626
8.16956e-05 8.22732e-05
0.000845778 0.000846027
0.00131273 0.00131404
0.00359173 0.00359409
0.00236838 0.0023665
0.000513698 0.000513866
0.00115029 0.00114835
0.00229968 0.00229817
0.00163729 0.00163776
0.00230654 0.00230537
0.00139893 0.00140015
0.00213177 0.00213027
0.000103933 0.000103552
0.00415315 0.00415511
0.00329497 0.00329356
0.00205019 0.00205127
0.000411389 0.000410132
0.00128105 0.00127971
0.00152301 0.0015243
0.00139388 0.00139348
0.000961694 0.000963301
0.0026152 0.00261381
-0.000243435 -0.000243011
0.00298344 0.0029823
0.00238199 0.00238441
0.00169513 0.00169704
0.001553 0.0015536
0.000856126 0.000854673
0.000966917 0.000964616
-0.000343534 -0.000343046
0.00384215 0.00384066
0.00180846 0.00180852
0.00198899 0.00198868
0.00316407 0.00316578
0.00232445 0.00232317
0.00230399 0.00230312
0.00232955 0.00232884
0.00176471 0.00176667
0.000556062 0.000557062
0.000476894 0.000476921
0.000373058 0.000374075
0.000556628 0.000555319
0.000977218 0.000976094
0.00121444 0.00121462
1.37091e-06 2.26413e-06
0.00256655 0.00256843
0.00148927 0.0014904
0.00146843 0.00146826
0.000869686 0.000871051
0.00130138 0.00129982
0.0019168 0.00191871
0.00164592 0.0016445
0.000326273 0.000326279
0.000714449 0.00071269
0.00370441 0.00370726
0.00120639 0.00120642
0.00289399 0.00289285
0.00112513 0.00112532
0.00051831 0.000518693
0.00136275 0.00136075
0.00326631 0.00326886
0.000214905 0.000216058
0.000848604 0.000849901
0.00091591 0.000917219
0.00139359 0.00139457
-0.000296898 -0.000296819
-0.000384147 -0.000383912
0.00181979 0.00181796
0.00105039 0.00105146
0.000853196 0.000853541
0.00139116 0.00139077
0.00223385 0.00223255
0.00066518 0.000666634
0.000680715 0.000681975
0.00243624 0.00243511
-0.00037581 -0.000375929
7.47244e-05 7.36391e-05
0.00139066 0.00138976
-0.000253779 -0.000254533
0.000342146 0.000343672
0.00253781 0.00253929
0.000413818 0.00041307
0.000586102 0.000585753
0.000894139 0.000893876
0.00118709 0.00118803
0.000921384 0.000919907
-0.000414213 -0.000414458
0.00361788 0.00361927
0.00316079 0.00315936
0.000794257 0.00079568
0.00153482 0.00153655
0.00155598 0.00155393
0.000788915 0.000789373
0.000668367 0.000666556
0.00217011 0.00216907
0.00112049 0.00112195
0.000656207 0.000655556
0.000927384 0.000925817
0.000439075 0.000439995
0.00199305 0.00199141
0.000903892 0.00090185
0.000830727 0.000829402
0.00184838 0.00185029
0.00123098 0.00123242
0.00103993 0.00103819
0.00120362 0.00120521
0.00150608 0.00150476
0.000807395 0.000808624
0.00140558 0.0014052
0.00190304 0.0019014
0.00113436 0.00113237
-2.01017e-05 -2.01477e-05
0.00308044 0.00307906
0.00158478 0.00158315
0.00182763 0.00182651
0.00078441 0.00078553
-0.000369025 -0.000369645
0.000682419 0.000681394
0.00114844 0.00115001
0.00215988 0.00216127
0.00213841 0.00214046
0.00204024 0.00204194
-5.33238e-05 -5.30362e-05
0.000465438 0.000464717
0.00148481 0.00148668
0.00211742 0.00211929
0.000830263 0.0008318
0.000223619 0.000224762
1.27703e-05 1.32441e-05
-2.66681e-05 -2.57992e-05
9.9279e-05 9.83734e-05
0.00143671 0.00143814
0.000569612 0.000568064
0.00170981 0.00171025
0.00118315 0.00118163
0.000925717 0.000927276
-0.000199422 -0.00019991
0.00188543 0.00188468
0.00295183 0.00295354
0.00155875 0.00155751
0.00140729 0.00140872
0.000957526 0.000956621
0.000491234 0.000489768
0.0020869 0.00208771
-3.8445e-06 -4.04884e-06
0.00263282 0.00263152
0.000214554 0.000214111
0.00123903 0.00123997
0.000844754 0.000842962
0.00119527 0.00119582
0.00187693 0.00187581
0.000973908 0.000974652
0.000259931 0.000260141
0.00209053 0.00209238
0.00220801 0.00220922
9.94802e-05 0.000100366
-4.27912e-05 -4.35519e-05
0.00117004 0.00117127
4.74354e-05 4.652e-05
0.00143072 0.00142926
0.00103496 0.00103635
0.00101388 0.00101323
0.00104626 0.00104533
0.000242511 0.00024248
0.00195094 0.00195289
0.000271119 0.000270425
0.00304306 0.00304187
0.000822095 0.000820327
0.00135722 0.00135622
0.00101447 0.00101575
0.00221575 0.00221433
0.000667974 0.000668692
0.00250838 0.00250758
0.00326331 0.00326202
0.000481658 0.000482382
0.00332029 0.0033224
-2.6231e-05 -2.69561e-05
0.0023069 0.00230835
0.00194821 0.00194626
0.00050809 0.000507083
0.00153123 0.00152945
0.00225259 0.00225122
0.00309937 0.0030983
0.00165522 0.00165365
0.000529533 0.000528748
-3.16625e-05 -3.13476e-05
0.000853228 0.000854072
0.00130144 0.00130012
0.000404313 0.000403987
0.00153984 0.00154049
0.00288827 0.002887
0.000347584 0.000347783
0.00101458 0.00101471
0.00149374 0.00149238
0.000258217 0.000257909
0.000569458 0.000568174
0.00140816 0.00140694
-0.000442736 -0.000442832
0.00414906 0.00415104
0.00142712 0.0014274
0.00286938 0.00287055
0.00280914 0.00281068
0.000943477 0.000942568
0.000868042 0.000866364
0.00370397 0.00370282
0.00234541 0.002347
0.00129147 0.00129307
-0.000238883 -0.000238708
0.0020849 0.00208669
4.14029e-05 4.16154e-05
0.00129075 0.00129065
0.00196651 0.00196498
0.00168841 0.00169002
0.00265979 0.00266073
0.00257232 0.00257086
0.00216426 0.00216291
0.000894139 0.000893556
-0.000426657 -0.000426962
0.000468535 0.000467363
-0.000239953 -0.000240351
0.000327063 0.000325939
-0.000165949 -0.000166296
0.00202049 0.00202212
0.00176533 0.00176406
0.000477418 0.000478378
0.000287011 0.000285282
0.00277393 0.00277503
0.000973083 0.000971486
0.00103717 0.0010387
0.000607282 0.000606894
0.000661294 0.000660412
0.00202876 0.00202958
-0.00015862 -0.000157885
0.00236826 0.00236734
0.00281466 0.00281295
0.0014024 0.00140032
-0.000352584 -0.000352186
0.00138769 0.00138571
0.000994864 0.000995923
0.000498486 0.00049897
0.00262228 0.0026235
0.0015273 0.00152652
0.00204163 0.00204389
-0.000123811 -0.000123145
0.00336838 0.00337032
0.000702093 0.00070163
-0.000273176 -0.000273219
0.00282272 0.00282154
0.00147264 0.00147386
0.00061852 0.000619362
0.000287029 0.000286692
0.00137395 0.00137567
0.00144742 0.00144595
0.0010683 0.00106663
0.00274614 0.00274516
0.000421772 0.000421648
0.00114979 0.00114783
0.000850355 0.000851611
0.00150228 0.00150016
0.00307446 0.00307533
0.00048548 0.000484032
0.00177999 0.00178176
0.00162963 0.00162935
0.00267089 0.00267286
0.00266846 0.00266823
0.000202271 0.000201224
0.00196469 0.00196426
0.00209319 0.00209153
-1.93641e-05 -2.04293e-05
3.40715e-05 3.46445e-05
0.000224777 0.00022414
0.00122503 0.00122652
0.00123122 0.00122982
0.00101463 0.00101612
0.000152682 0.000152523
0.00105033 0.00105197
0.000618865 0.000618016
0.000789637 0.000790897
0.000876044 0.000874666
0.00117739 0.0011789
0.000357784 0.000356628
0.000162246 0.000161306
0.000223055 0.000223092
-0.000128778 -0.00012842
0.000855729 0.000854658
0.00232798 0.00232723
-0.000377764 -0.00037789
0.0011832 0.00118227
0.00020839 0.00020709
8.28927e-05 8.25155e-05
0.00123823 0.001236
-0.00032183 -0.000321564
0.000876054 0.000873776
0.00111122 0.0011091
0.000850613 0.000849169
0.00203944 0.00204112
0.0016664 0.00166536
0.00290355 0.00290237
-1.81297e-05 -1.91389e-05
0.000181538 0.000180393
0.00253908 0.00254052
0.00259505 0.0025951
0.000872451 0.000872897
0.00351227 0.00351438
0.00206105 0.00206094
0.00181154 0.00181017
0.00315414 0.00315606
0.00242769 0.00242927
0.000139162 0.000139141
0.00249128 0.00248984
0.00213631 0.00213793
0.00100721 0.00100578
0.0016754 0.00167423
0.00254481 0.00254602
0.00242715 0.00242919
0.00116373 0.00116134
0.00260919 0.00260714
0.00275997 0.00275901
0.000201834 0.000201916
0.00356351 0.00356574
0.00250915 0.00251021
0.00351003 0.00350888
0.00150306 0.0015047
0.00366572 0.00366457
0.00290174 0.00290058
0.00120039 0.00119877
0.00371479 0.00371663
0.00235133 0.00235028
0.0029873 0.00298579
0.0015909 0.00159221
0.00312809 0.00312936
0.000578535 0.000579894
-0.000269177 -0.00026938
7.15628e-05 7.15178e-05
0.00346304 0.00346137
-0.000362061 -0.000362136
0.00196608 0.00196728
0.000672102 0.000672866
0.00106671 0.00106845
0.00177546 0.0017755
0.00180541 0.00180472
0.00128656 0.00128587
0.00137456 0.00137308
0.000694893 0.000696052
0.000788758 0.000787103
0.00139917 0.00140028
0.000563314 0.000561906
0.00318964 0.00318855
0.00378066 0.00378249
-0.00039954 -0.00039948
0.000536094 0.000536763
0.00151579 0.00151483
0.00376793 0.00376892
0.00148586 0.00148578
0.00112812 0.00112588
0.00146562 0.00146395
0.00366037 0.00365947
0.00115426 0.00115518
0.000988446 0.000986963
0.0035393 0.00353828
0.00230845 0.00231022
0.000315321 0.00031509
0.00144984 0.00144944
0.00236112 0.00235985
0.000520431 0.000521791
0.00165083 0.00165035
0.0012008 0.00120172
0.00112664 0.00112557
0.00369202 0.0036939
0.00316182 0.00316322
0.000357012 0.000356488
0.000557942 0.000555899
-0.000279722 -0.000279251
0.000499887 0.000500357
0.00127102 0.00126953
0.00351936 0.00352133
0.00056875 0.000567502
0.00192389 0.00192339
0.000590275 0.000591296
0.00148944 0.00148844
0.00129318 0.00129079
-4.63103e-05 -4.61588e-05
-0.000392613 -0.000392203
0.00131003 0.00130842
0.00323265 0.00323335
0.000265236 0.000264272
0.00165731 0.00165742
0.00219128 0.00219353
0.00165784 0.0016557
0.00123805 0.00123923
0.00169763 0.00169935
0.000688133 0.000686631
0.00148421 0.00148595
0.00043235 0.000433408
0.00175071 0.00175254
0.00131442 0.00131344
-0.000229639 -0.000229454
0.000253014 0.000252531
0.00258416 0.00258276
0.00141542 0.0014134
-2.86525e-05 -2.89239e-05
0.00112944 0.0011275
0.000776264 0.000777675
-6.03249e-05 -6.03689e-05
0.00139796 0.0013968
0.000979786 0.000980459
0.00102113 0.00102191
0.000542504 0.000541675
0.00127548 0.0012769
0.00128472 0.00128597
2.75001e-05 2.61484e-05
0.00162983 0.00163171
0.000965901 0.000966679
0.000841692 0.00084066
0.000182639 0.000181829
0.00021489 0.000214034
-0.000104288 -0.00010521
0.00117563 0.00117448
0.000808338 0.000808904
0.00138011 0.00137792
0.00170623 0.00170559
0.000155369 0.000155218
0.000527869 0.000529015
1.78317e-05 1.86737e-05
0.00154842 0.00155042
6.91265e-05 6.75007e-05
0.000775504 0.000774103
0.00226074 0.00226187
0.00234732 0.00234829
0.00135453 0.00135615
0.00157743 0.00157931
0.00119652 0.00119759
0.00035582 0.000354867
0.00389113 0.00388987
0.000303224 0.000302258
0.000815948 0.000817476
0.000554368 0.000554605
0.00104635 0.00104792
0.00222688 0.0022284
0.000418819 0.000418647
0.00106478 0.00106323
-0.000296876 -0.000296153
9.48807e-05 9.44642e-05
0.00224088 0.0022424
0.00318459 0.00318719
5.69994e-05 5.81448e-05
0.000664495 0.000665589
0.00169003 0.00168914
0.00290438 0.00290685
-0.000231246 -0.000231652
6.8302e-05 6.91876e-05
0.00262249 0.00262202
0.000525964 0.000526861
0.0010593 0.0010575
-0.00023064 -0.000231763
0.00178511 0.00178366
0.00116039 0.00116076
0.00158484 0.00158521
0.000472476 0.00047236
0.00123524 0.00123289
0.000931104 0.000932615
0.00132715 0.00132491
4.93899e-05 4.8205e-05
0.00137862 0.00137736
0.00152644 0.00152488
0.00396581 0.00396443
0.00233276 0.00233162
0.00150473 0.00150363
0.00176272 0.00176266
0.000563435 0.000561789
-0.000238645 -0.000238481
0.00273897 0.00273763
0.00174894 0.00174789
0.00149781 0.0014967
0.00236252 0.00236184
0.00166343 0.00166474
0.00348456 0.00348691
0.00179496 0.00179308
0.00180714 0.00180769
0.0035795 0.00357818
0.000165053 0.000163948
0.00186113 0.00186263
0.000797989 0.000799281
0.00121722 0.00121662
0.00233081 0.00233169
0.000374486 0.000375344
-0.000437565 -0.000437031
0.00391462 0.00391396
0.000893911 0.000892154
0.00268862 0.00269015
0.00352885 0.00353137
0.000881977 0.00088295
-0.000384693 -0.000384964
0.00340256 0.00340399
0.00194489 0.00194516
0.000595177 0.000594942
0.00295903 0.00296069
0.0019435 0.00194317
0.00110604 0.00110401
0.00186039 0.00186177
0.00272575 0.00272759
0.00240805 0.00240847
0.00150899 0.00151034
0.000280547 0.000281657
0.00274231 0.0027443
1.56959e-06 1.0202e-06
5.50151e-05 5.60726e-05
0.00184709 0.00184887
0.00134191 0.00134111
0.00152538 0.00152712
3.47644e-05 3.46351e-05
0.0035051 0.00350389
0.00261833 0.00261704
0.00288609 0.00288729
0.00239712 0.00239907
0.00301418 0.00301646
0.00239303 0.0023939
0.00217838 0.0021803
0.00295836 0.00296085
0.00344122 0.00344287
0.00229879 0.00229804
0.00119385 0.00119535
0.00184571 0.0018453
0.00116099 0.00115903
0.00248082 0.00248258
0.00321003 0.00320854
0.00230869 0.00230877
0.00296809 0.00296726
0.00112812 0.00112817
0.00241966 0.00242139
-0.000129744 -0.00012866
0.000873273 0.000872856
0.000445279 0.00044592
0.00111572 0.00111718
0.00247212 0.00247063
0.00165728 0.00165572
0.00120076 0.00120127
-0.000359096 -0.000358688
0.00276719 0.00276775
0.00102649 0.00102711
0.000597698 0.000598774
0.000276372 0.000276371
0.00143948 0.00143715
0.00191662 0.00191863
0.00078175 0.000780145
0.00136078 0.00136123
0.000921056 0.000919172
0.00278762 0.00278634
0.00023965 0.000239029
0.00101407 0.00101559
8.06203e-05 7.93085e-05
0.000842194 0.00084385
0.000946554 0.000945858
0.00198986 0.0019916
0.00119362 0.0011916
-1.02719e-05 -9.50582e-06
0.00147462 0.00147636
-2.75945e-05 -2.77872e-05
-3.57206e-05 -3.47189e-05
0.00264717 0.00264613
0.00210508 0.00210671
-0.00019559 -0.000196105
0.000797739 0.000795882
0.00218237 0.00218164
0.00174305 0.00174081
0.00142008 0.0014192
1.60187e-05 1.68296e-05
0.000835319 0.000834043
0.00132851 0.00132937
0.00147633 0.00147433
0.000842743 0.000841036
0.00328051 0.00328272
0.000825162 0.000824436
0.000407957 0.000409024
0.00263963 0.0026387
0.00148748 0.00148895
0.0013605 0.00135892
0.00119818 0.00119738
0.000447407 0.00044643
0.00014399 0.00014243
0.00232344 0.00232549
0.000998209 0.00099596
-0.000166136 -0.000166284
0.00051518 0.000516199
-0.000235962 -0.000235808
0.000140707 0.000140773
0.000929909 0.000931032
0.000638587 0.000637142
0.0012699 0.00126838
0.000759554 0.000758155
0.000473539 0.000473803
0.00134253 0.00134418
0.000720354 0.000719026
0.000286693 0.000285558
0.00200518 0.00200355
0.00135597 0.00135478
0.000130358 0.000130959
-0.000181471 -0.000182135
-0.00018887 -0.000188827
0.000756226 0.000756964
0.00204788 0.00204968
-0.00027821 -0.000278656
0.000189647 0.000190867
-0.000311516 -0.000310996
0.00293949 0.00294151
0.000695097 0.000696361
-0.000419845 -0.000419826
0.00107554 0.00107516
-0.000306015 -0.000306398
0.000944783 0.000945606
0.000896767 0.000898195
-3.23157e-05 -3.30507e-05
0.00201805 0.00202032
0.00141244 0.00141407
0.00226478 0.00226692
0.00176474 0.00176251
0.00107813 0.00107641
0.00189258 0.00189134
0.000343606 0.000344561
-0.000181913 -0.000182731
0.0018102 0.00181182
0.000378939 0.000379293
0.000104271 0.000103511
0.00107487 0.00107573
0.00154641 0.0015455
0.00015456 0.000154863
0.00104621 0.00104748
0.00289855 0.00289739
0.00292241 0.0029208
0.00107967 0.00107862
0.0026229 0.00262141
0.000398509 0.00039762
3.18189e-05 3.06818e-05
0.000800925 0.000801963
0.00217265 0.00217477
0.00240362 0.00240343
0.00316456 0.0031631
0.00247681 0.00247829
0.00297685 0.00297757
0.00395557 0.00395799
0.00257909 0.00257807
-9.11976e-05 -9.12868e-05
0.00310157 0.00309997
0.0015616 0.0015637
0.00250793 0.00250686
0.00395393 0.00395655
0.00213291 0.00213308
0.00313936 0.00314029
-0.00010785 -0.000107301
0.00351311 0.00351175
0.000204625 0.000203094
0.00194369 0.00194466
-0.000415715 -0.000415683
0.00119993 0.00119857
0.00196286 0.00196415
0.00125067 0.00124906
0.00108353 0.0010846
0.0012989 0.00129765
-0.000414213 -0.000414728
0.00408982 0.00409205
0.000185502 0.000186113
0.00242497 0.00242523
0.0025319 0.0025325
0.00257659 0.00257593
0.00101383 0.00101309
0.00012738 0.000127059
0.00130863 0.00130816
0.00220271 0.00220464
0.00264442 0.00264342
0.00355468 0.00355347
0.000519345 0.000520714
0.000797388 0.000798641
-2.71425e-05 -2.70527e-05
0.00105978 0.00106104
0.00393586 0.00393465
0.00118264 0.00118235
0.00265664 0.00265874
9.92368e-05 9.96826e-05
0.00391472 0.00391338
0.00339035 0.00339162
0.00297487 0.0029736
0.00228536 0.00228424
0.00128722 0.00128729
0.00255929 0.00255765
0.00348859 0.0034903
0.00294568 0.00294738
0.0021298 0.00212979
0.00263567 0.00263481
0.00219672 0.00219817
0.00158852 0.00158997
0.00215976 0.00215968
0.0013912 0.00139292
0.00273112 0.00273217
0.00243028 0.00242845
0.00252992 0.00252989
0.00250228 0.00250119
0.0033497 0.00335107
0.00189329 0.00189496
0.00214572 0.00214585
0.00111992 0.00111967
0.000322188 0.000322292
0.00073465 0.000736198
0.00210645 0.00210613
0.00080853 0.000809438
7.14064e-05 7.02952e-05
0.00270342 0.00270473
0.00204318 0.00204357
-6.47033e-05 -6.46999e-05
0.000932542 0.000933084
0.00112227 0.00111996
0.000656811 0.000657432
0.00421144 0.00421311
0.00129136 0.00129197
0.00134624 0.00134572
0.00304644 0.00304531
0.00238159 0.00238392
0.00250332 0.00250233
0.00264864 0.00264711
0.00111133 0.00111173
0.00266271 0.00266192
0.00124038 0.00123823
0.00367361 0.00367282
0.00173603 0.00173534
0.00425835 0.00426029
0.00258673 0.00258661
0.00126904 0.00126988
0.00260822 0.00260973
0.00426151 0.00426058
0.000697051 0.000696397
0.000989775 0.00099124
-0.000392874 -0.000392363
0.0026316 0.00263132
0.00378616 0.00378506
-4.77334e-06 -5.42819e-06
0.000996475 0.000997572
0.00265109 0.00264972
0.00138275 0.00138426
0.00260509 0.00260481
0.00388801 0.00388978
0.000899176 0.000899235
0.00247079 0.00247269
0.000651764 0.000650147
0.00314443 0.00314329
0.00302671 0.00302605
0.00431461 0.00431328
0.00323844 0.00323671
0.00227334 0.00227152
0.0026045 0.00260435
0.000749022 0.000748282
0.000568621 0.000569533
0.00221469 0.00221335
0.004064 0.00406274
7.41656e-05 7.37045e-05
0.00143583 0.00143559
0.00256496 0.0025641
0.00168012 0.00167877
0.00235979 0.00235876
0.00182022 0.00182212
0.0026924 0.00269083
0.00149371 0.00149518
0.00189868 0.0018981
0.00124334 0.00124447
0.0040181 0.00401977
0.000709241 0.000709581
0.00279631 0.00279505
0.00189112 0.00189037
0.00210458 0.00210689
0.000512304 0.000513521
0.0025198 0.00251965
0.00419445 0.004193
0.00181805 0.00181937
0.000292557 0.0002928
0.000399629 0.000400956
0.00385083 0.00384965
0.00247613 0.00247772
0.00248111 0.00248025
0.00135534 0.00135375
0.000189101 0.000189766
